Archive member included to satisfy reference by file (symbol)

c:/program files (x86)/embitz/1.11/share/em_armgcc/bin/../lib/gcc/arm-none-eabi/5.4.1/../../../../arm-none-eabi/lib/armv7e-m\libg_n.a(lib_a-calloc.o)
                              obj\release\src\serialread.o (calloc)
c:/program files (x86)/embitz/1.11/share/em_armgcc/bin/../lib/gcc/arm-none-eabi/5.4.1/../../../../arm-none-eabi/lib/armv7e-m\libg_n.a(lib_a-exit.o)
                              c:/program files (x86)/embitz/1.11/share/em_armgcc/bin/../lib/gcc/arm-none-eabi/5.4.1/../../../../arm-none-eabi/lib/armv7e-m/crt0.o (exit)
c:/program files (x86)/embitz/1.11/share/em_armgcc/bin/../lib/gcc/arm-none-eabi/5.4.1/../../../../arm-none-eabi/lib/armv7e-m\libg_n.a(lib_a-impure.o)
                              c:/program files (x86)/embitz/1.11/share/em_armgcc/bin/../lib/gcc/arm-none-eabi/5.4.1/../../../../arm-none-eabi/lib/armv7e-m\libg_n.a(lib_a-exit.o) (_global_impure_ptr)
c:/program files (x86)/embitz/1.11/share/em_armgcc/bin/../lib/gcc/arm-none-eabi/5.4.1/../../../../arm-none-eabi/lib/armv7e-m\libg_n.a(lib_a-init.o)
                              c:/program files (x86)/embitz/1.11/share/em_armgcc/bin/../lib/gcc/arm-none-eabi/5.4.1/../../../../arm-none-eabi/lib/armv7e-m/crt0.o (__libc_init_array)
c:/program files (x86)/embitz/1.11/share/em_armgcc/bin/../lib/gcc/arm-none-eabi/5.4.1/../../../../arm-none-eabi/lib/armv7e-m\libg_n.a(lib_a-memset.o)
                              c:/program files (x86)/embitz/1.11/share/em_armgcc/bin/../lib/gcc/arm-none-eabi/5.4.1/../../../../arm-none-eabi/lib/armv7e-m/crt0.o (memset)
c:/program files (x86)/embitz/1.11/share/em_armgcc/bin/../lib/gcc/arm-none-eabi/5.4.1/../../../../arm-none-eabi/lib/armv7e-m\libg_n.a(lib_a-nano-callocr.o)
                              c:/program files (x86)/embitz/1.11/share/em_armgcc/bin/../lib/gcc/arm-none-eabi/5.4.1/../../../../arm-none-eabi/lib/armv7e-m\libg_n.a(lib_a-calloc.o) (_calloc_r)
c:/program files (x86)/embitz/1.11/share/em_armgcc/bin/../lib/gcc/arm-none-eabi/5.4.1/../../../../arm-none-eabi/lib/armv7e-m\libg_n.a(lib_a-nano-mallocr.o)
                              c:/program files (x86)/embitz/1.11/share/em_armgcc/bin/../lib/gcc/arm-none-eabi/5.4.1/../../../../arm-none-eabi/lib/armv7e-m\libg_n.a(lib_a-nano-callocr.o) (_malloc_r)
c:/program files (x86)/embitz/1.11/share/em_armgcc/bin/../lib/gcc/arm-none-eabi/5.4.1/../../../../arm-none-eabi/lib/armv7e-m\libg_n.a(lib_a-printf.o)
                              obj\release\src\ansi.o (printf)
c:/program files (x86)/embitz/1.11/share/em_armgcc/bin/../lib/gcc/arm-none-eabi/5.4.1/../../../../arm-none-eabi/lib/armv7e-m\libg_n.a(lib_a-putchar.o)
                              obj\release\src\ansi.o (putchar)
c:/program files (x86)/embitz/1.11/share/em_armgcc/bin/../lib/gcc/arm-none-eabi/5.4.1/../../../../arm-none-eabi/lib/armv7e-m\libg_n.a(lib_a-puts.o)
                              obj\release\src\mbed.o (puts)
c:/program files (x86)/embitz/1.11/share/em_armgcc/bin/../lib/gcc/arm-none-eabi/5.4.1/../../../../arm-none-eabi/lib/armv7e-m\libg_n.a(lib_a-rand.o)
                              obj\release\src\landscape.o (rand)
c:/program files (x86)/embitz/1.11/share/em_armgcc/bin/../lib/gcc/arm-none-eabi/5.4.1/../../../../arm-none-eabi/lib/armv7e-m\libg_n.a(lib_a-sbrkr.o)
                              c:/program files (x86)/embitz/1.11/share/em_armgcc/bin/../lib/gcc/arm-none-eabi/5.4.1/../../../../arm-none-eabi/lib/armv7e-m\libg_n.a(lib_a-nano-mallocr.o) (_sbrk_r)
c:/program files (x86)/embitz/1.11/share/em_armgcc/bin/../lib/gcc/arm-none-eabi/5.4.1/../../../../arm-none-eabi/lib/armv7e-m\libg_n.a(lib_a-setbuf.o)
                              obj\release\src\30010_io.o (setbuf)
c:/program files (x86)/embitz/1.11/share/em_armgcc/bin/../lib/gcc/arm-none-eabi/5.4.1/../../../../arm-none-eabi/lib/armv7e-m\libg_n.a(lib_a-setvbuf.o)
                              c:/program files (x86)/embitz/1.11/share/em_armgcc/bin/../lib/gcc/arm-none-eabi/5.4.1/../../../../arm-none-eabi/lib/armv7e-m\libg_n.a(lib_a-setbuf.o) (setvbuf)
c:/program files (x86)/embitz/1.11/share/em_armgcc/bin/../lib/gcc/arm-none-eabi/5.4.1/../../../../arm-none-eabi/lib/armv7e-m\libg_n.a(lib_a-sprintf.o)
                              obj\release\src\mbed.o (sprintf)
c:/program files (x86)/embitz/1.11/share/em_armgcc/bin/../lib/gcc/arm-none-eabi/5.4.1/../../../../arm-none-eabi/lib/armv7e-m\libg_n.a(lib_a-strlen.o)
                              obj\release\src\ansi.o (strlen)
c:/program files (x86)/embitz/1.11/share/em_armgcc/bin/../lib/gcc/arm-none-eabi/5.4.1/../../../../arm-none-eabi/lib/armv7e-m\libg_n.a(lib_a-wbuf.o)
                              c:/program files (x86)/embitz/1.11/share/em_armgcc/bin/../lib/gcc/arm-none-eabi/5.4.1/../../../../arm-none-eabi/lib/armv7e-m\libg_n.a(lib_a-puts.o) (__swbuf_r)
c:/program files (x86)/embitz/1.11/share/em_armgcc/bin/../lib/gcc/arm-none-eabi/5.4.1/../../../../arm-none-eabi/lib/armv7e-m\libg_n.a(lib_a-wsetup.o)
[...]
Memory Configuration

Name             Origin             Length             Attributes
ROM              0x08000000         0x00010000         xr
RAM              0x20000000         0x00004000         xrw
*default*        0x00000000         0xffffffff

Linker script and memory map

LOAD c:/program files (x86)/embitz/1.11/share/em_armgcc/bin/../lib/gcc/arm-none-eabi/5.4.1/armv7e-m/crti.o
LOAD c:/program files (x86)/embitz/1.11/share/em_armgcc/bin/../lib/gcc/arm-none-eabi/5.4.1/armv7e-m/crtbegin.o
LOAD c:/program files (x86)/embitz/1.11/share/em_armgcc/bin/../lib/gcc/arm-none-eabi/5.4.1/../../../../arm-none-eabi/lib/armv7e-m/crt0.o
                0x00000000                __HEAP_SIZE = 0x0
                0x00000100                __STACK_SIZE = 0x100

.text           0x08000000     0x29b8
 *(.isr_vector)
 .isr_vector    0x08000000      0x188 obj\release\src\startup_stm32f30x.o
                0x08000000                __isr_vector
 *(.text*)
 .text          0x08000188       0x5c c:/program files (x86)/embitz/1.11/share/em_armgcc/bin/../lib/gcc/arm-none-eabi/5.4.1/armv7e-m/crtbegin.o
 .text          0x080001e4       0x74 c:/program files (x86)/embitz/1.11/share/em_armgcc/bin/../lib/gcc/arm-none-eabi/5.4.1/../../../../arm-none-eabi/lib/armv7e-m/crt0.o
                0x080001e4                _start
                0x080001e4                _mainCRTStartup
 .text.ADC_RegularChannelConfig
                0x08000258       0xc4 obj\release\spl\src\stm32f30x_adc.o
                0x08000258                ADC_RegularChannelConfig
 .text.ADC_StartConversion
                0x0800031c        0xc obj\release\spl\src\stm32f30x_adc.o
                0x0800031c                ADC_StartConversion
 .text.ADC_GetConversionValue
                0x08000328        0x8 obj\release\spl\src\stm32f30x_adc.o
                0x08000328                ADC_GetConversionValue
 .text.ADC_GetFlagStatus
                0x08000330        0xc obj\release\spl\src\stm32f30x_adc.o
                0x08000330                ADC_GetFlagStatus
 .text.RCC_GetClocksFreq
                0x0800033c      0x29c obj\release\spl\src\stm32f30x_rcc.o
                0x0800033c                RCC_GetClocksFreq
 .text.SPI_SendData8
                0x080005d8        0x4 obj\release\spl\src\stm32f30x_spi.o
                0x080005d8                SPI_SendData8
 .text.SPI_I2S_GetFlagStatus
                0x080005dc        0xc obj\release\spl\src\stm32f30x_spi.o
                0x080005dc                SPI_I2S_GetFlagStatus
 .text.USART_SendData
                0x080005e8        0x8 obj\release\spl\src\stm32f30x_usart.o
                0x080005e8                USART_SendData
 .text.USART_ITConfig
                0x080005f0       0x34 obj\release\spl\src\stm32f30x_usart.o
                0x080005f0                USART_ITConfig
 .text.USART_GetFlagStatus
                0x08000624        0xc obj\release\spl\src\stm32f30x_usart.o
                0x08000624                USART_GetFlagStatus
 .text.USART_GetITStatus
                0x08000630       0x40 obj\release\spl\src\stm32f30x_usart.o
                0x08000630                USART_GetITStatus
 .text.uart_put_char
                0x08000670       0x1c obj\release\src\30010_io.o
                0x08000670                uart_put_char
 .text._write_r
                0x0800068c       0x34 obj\release\src\30010_io.o
                0x0800068c                _write_r
 .text.USART2_IRQHandler
                0x080006c0       0x58 obj\release\src\30010_io.o
                0x080006c0                USART2_IRQHandler
 .text.uart_init
                0x08000718      0x13c obj\release\src\30010_io.o
                0x08000718                uart_init
 .text.lcd_transmit_byte
                0x08000854       0x48 obj\release\src\30010_io.o
                0x08000854                lcd_transmit_byte
 .text.lcd_push_buffer
                0x0800089c       0xf8 obj\release\src\30010_io.o
                0x0800089c                lcd_push_buffer
 .text.lcd_reset
                0x08000994       0xa8 obj\release\src\30010_io.o
                0x08000994                lcd_reset
 .text.lcd_init
                0x08000a3c      0x1ac obj\release\src\30010_io.o
                0x08000a3c                lcd_init
 .text.clrscr   0x08000be8        0xc obj\release\src\ansi.o
                0x08000be8                clrscr
 .text.color    0x08000bf4       0x30 obj\release\src\ansi.o
                0x08000bf4                color
 .text.lcd_write_string
                0x08000c24       0x7c obj\release\src\lcd.o
                0x08000c24                lcd_write_string
 .text.startup.main
                0x08000ca0       0x7c obj\release\src\main.o
                0x08000ca0                main
 .text.LED_setup
                0x08000d1c       0xe8 obj\release\src\mbed.o
                0x08000d1c                LED_setup
 .text.joystick_setup
                0x08000e04       0xc8 obj\release\src\mbed.o
                0x08000e04                joystick_setup
 .text.set_timer
                0x08000ecc       0x40 obj\release\src\mbed.o
                0x08000ecc                set_timer
 .text.start_stop
                0x08000f0c       0x14 obj\release\src\mbed.o
                0x08000f0c                start_stop
 .text.TIM2_IRQHandler
                0x08000f20       0x2c obj\release\src\mbed.o
                0x08000f20                TIM2_IRQHandler
 .text.setup_pot
                0x08000f4c       0x8c obj\release\src\mbed.o
                0x08000f4c                setup_pot
 .text.readPotLeft
                0x08000fd8       0x34 obj\release\src\mbed.o
                0x08000fd8                readPotLeft
 .text.measPot  0x0800100c       0x2c obj\release\src\mbed.o
                0x0800100c                measPot
 .text          0x08001038       0xe4 obj\release\src\startup_stm32f30x.o
                0x08001038                Reset_Handler
                0x0800107e                NMI_Handler
                0x08001080                HardFault_Handler
                0x08001082                MemManage_Handler
                0x08001084                BusFault_Handler
                0x08001086                UsageFault_Handler
                0x08001088                SVC_Handler
                0x0800108a                DebugMon_Handler
                0x0800108c                PendSV_Handler
                0x0800108e                SysTick_Handler
                0x08001090                WWDG_IRQHandler
                0x08001092                PVD_IRQHandler
                0x08001094                TAMPER_STAMP_IRQHandler
                0x08001096                RTC_WKUP_IRQHandler
                0x08001098                FLASH_IRQHandler
                0x0800109a                RCC_IRQHandler
                0x0800109c                EXTI0_IRQHandler
                0x0800109e                EXTI1_IRQHandler
                0x080010a0                EXTI2_TS_IRQHandler
                0x080010a2                EXTI3_IRQHandler
                0x080010a4                EXTI4_IRQHandler
                0x080010a6                DMA1_Channel1_IRQHandler
                0x080010a8                DMA1_Channel2_IRQHandler
                0x080010aa                DMA1_Channel3_IRQHandler
                0x080010ac                DMA1_Channel4_IRQHandler
                0x080010ae                DMA1_Channel5_IRQHandler
                0x080010b0                DMA1_Channel6_IRQHandler
                0x080010b2                DMA1_Channel7_IRQHandler
                0x080010b4                ADC1_2_IRQHandler
                0x080010b6                USB_HP_CAN1_TX_IRQHandler
                0x080010b8                USB_LP_CAN1_RX0_IRQHandler
                0x080010ba                CAN1_RX1_IRQHandler
                0x080010bc                CAN1_SCE_IRQHandler
                0x080010be                EXTI9_5_IRQHandler
                0x080010c0                TIM1_BRK_TIM15_IRQHandler
                0x080010c2                TIM1_UP_TIM16_IRQHandler
                0x080010c4                TIM1_TRG_COM_TIM17_IRQHandler
                0x080010c6                TIM1_CC_IRQHandler
                0x080010ca                TIM3_IRQHandler
                0x080010cc                TIM4_IRQHandler
                0x080010ce                I2C1_EV_IRQHandler
                0x080010d0                I2C1_ER_IRQHandler
                0x080010d2                I2C2_EV_IRQHandler
                0x080010d4                I2C2_ER_IRQHandler
                0x080010d6                SPI1_IRQHandler
                0x080010d8                SPI2_IRQHandler
                0x080010da                USART1_IRQHandler
                0x080010de                USART3_IRQHandler
                0x080010e0                EXTI15_10_IRQHandler
                0x080010e2                RTC_Alarm_IRQHandler
                0x080010e4                USBWakeUp_IRQHandler
                0x080010e6                TIM8_BRK_IRQHandler
                0x080010e8                TIM8_UP_IRQHandler
                0x080010ea                TIM8_TRG_COM_IRQHandler
                0x080010ec                TIM8_CC_IRQHandler
                0x080010ee                ADC3_IRQHandler
                0x080010f0                SPI3_IRQHandler
                0x080010f2                UART4_IRQHandler
                0x080010f4                UART5_IRQHandler
                0x080010f6                TIM6_DAC_IRQHandler
                0x080010f8                TIM7_IRQHandler
                0x080010fa                DMA2_Channel1_IRQHandler
                0x080010fc                DMA2_Channel2_IRQHandler
                0x080010fe                DMA2_Channel3_IRQHandler
                0x08001100                DMA2_Channel4_IRQHandler
                0x08001102                DMA2_Channel5_IRQHandler
                0x08001104                ADC4_IRQHandler
                0x08001106                COMP1_2_3_IRQHandler
                0x08001108                COMP4_5_6_IRQHandler
                0x0800110a                COMP7_IRQHandler
                0x0800110c                USB_HP_IRQHandler
                0x0800110e                USB_LP_IRQHandler
                0x08001110                USBWakeUp_RMP_IRQHandler
                0x08001112                FPU_IRQHandler
 .text.SystemInit
                0x0800111c       0xb4 obj\release\src\system_stm32f30x.o
                0x0800111c                SystemInit
 .text.exit     0x080011d0       0x28 c:/program files (x86)/embitz/1.11/share/em_armgcc/bin/../lib/gcc/arm-none-eabi/5.4.1/../../../../arm-none-eabi/lib/armv7e-m\libg_n.a(lib_a-exit.o)
                0x080011d0                exit
 .text.__libc_init_array
                0x080011f8       0x4c c:/program files (x86)/embitz/1.11/share/em_armgcc/bin/../lib/gcc/arm-none-eabi/5.4.1/../../../../arm-none-eabi/lib/armv7e-m\libg_n.a(lib_a-init.o)
                0x080011f8                __libc_init_array
 .text.memset   0x08001244       0x10 c:/program files (x86)/embitz/1.11/share/em_armgcc/bin/../lib/gcc/arm-none-eabi/5.4.1/../../../../arm-none-eabi/lib/armv7e-m\libg_n.a(lib_a-memset.o)
                0x08001244                memset
 .text._malloc_r
                0x08001254       0xbc c:/program files (x86)/embitz/1.11/share/em_armgcc/bin/../lib/gcc/arm-none-eabi/5.4.1/../../../../arm-none-eabi/lib/armv7e-m\libg_n.a(lib_a-nano-mallocr.o)
                0x08001254                _malloc_r
 .text.printf   0x08001310       0x30 c:/program files (x86)/embitz/1.11/share/em_armgcc/bin/../lib/gcc/arm-none-eabi/5.4.1/../../../../arm-none-eabi/lib/armv7e-m\libg_n.a(lib_a-printf.o)
                0x08001310                iprintf
                0x08001310                printf
 .text._sbrk_r  0x08001340       0x20 c:/program files (x86)/embitz/1.11/share/em_armgcc/bin/../lib/gcc/arm-none-eabi/5.4.1/../../../../arm-none-eabi/lib/armv7e-m\libg_n.a(lib_a-sbrkr.o)
                0x08001340                _sbrk_r
 .text.setbuf   0x08001360       0x10 c:/program files (x86)/embitz/1.11/share/em_armgcc/bin/../lib/gcc/arm-none-eabi/5.4.1/../../../../arm-none-eabi/lib/armv7e-m\libg_n.a(lib_a-setbuf.o)
                0x08001360                setbuf
 .text.setvbuf  0x08001370      0x154 c:/program files (x86)/embitz/1.11/share/em_armgcc/bin/../lib/gcc/arm-none-eabi/5.4.1/../../../../arm-none-eabi/lib/armv7e-m\libg_n.a(lib_a-setvbuf.o)
                0x08001370                setvbuf
 .text.sprintf  0x080014c4       0x48 c:/program files (x86)/embitz/1.11/share/em_armgcc/bin/../lib/gcc/arm-none-eabi/5.4.1/../../../../arm-none-eabi/lib/armv7e-m\libg_n.a(lib_a-sprintf.o)
                0x080014c4                siprintf
                0x080014c4                sprintf
 .text          0x0800150c       0x10 c:/program files (x86)/embitz/1.11/share/em_armgcc/bin/../lib/gcc/arm-none-eabi/5.4.1/../../../../arm-none-eabi/lib/armv7e-m\libg_n.a(lib_a-strlen.o)
                0x0800150c                strlen
 .text.__swbuf_r
                0x0800151c       0xa8 c:/program files (x86)/embitz/1.11/share/em_armgcc/bin/../lib/gcc/arm-none-eabi/5.4.1/../../../../arm-none-eabi/lib/armv7e-m\libg_n.a(lib_a-wbuf.o)
                0x0800151c                __swbuf_r
 .text.__swsetup_r
                0x080015c4       0xdc c:/program files (x86)/embitz/1.11/share/em_armgcc/bin/../lib/gcc/arm-none-eabi/5.4.1/../../../../arm-none-eabi/lib/armv7e-m\libg_n.a(lib_a-wsetup.o)
                0x080015c4                __swsetup_r
 .text.__sflush_r
                0x080016a0      0x110 c:/program files (x86)/embitz/1.11/share/em_armgcc/bin/../lib/gcc/arm-none-eabi/5.4.1/../../../../arm-none-eabi/lib/armv7e-m\libg_n.a(lib_a-fflush.o)
                0x080016a0                __sflush_r
 .text._fflush_r
                0x080017b0       0x54 c:/program files (x86)/embitz/1.11/share/em_armgcc/bin/../lib/gcc/arm-none-eabi/5.4.1/../../../../arm-none-eabi/lib/armv7e-m\libg_n.a(lib_a-fflush.o)
                0x080017b0                _fflush_r
 .text._cleanup_r
                0x08001804        0xc c:/program files (x86)/embitz/1.11/share/em_armgcc/bin/../lib/gcc/arm-none-eabi/5.4.1/../../../../arm-none-eabi/lib/armv7e-m\libg_n.a(lib_a-findfp.o)
                0x08001804                _cleanup_r
 .text.std.isra.0
                0x08001810       0x48 c:/program files (x86)/embitz/1.11/share/em_armgcc/bin/../lib/gcc/arm-none-eabi/5.4.1/../../../../arm-none-eabi/lib/armv7e-m\libg_n.a(lib_a-findfp.o)
 .text.__sfmoreglue
                0x08001858       0x2c c:/program files (x86)/embitz/1.11/share/em_armgcc/bin/../lib/gcc/arm-none-eabi/5.4.1/../../../../arm-none-eabi/lib/armv7e-m\libg_n.a(lib_a-findfp.o)
                0x08001858                __sfmoreglue
 .text.__sinit  0x08001884       0x60 c:/program files (x86)/embitz/1.11/share/em_armgcc/bin/../lib/gcc/arm-none-eabi/5.4.1/../../../../arm-none-eabi/lib/armv7e-m\libg_n.a(lib_a-findfp.o)
                0x08001884                __sinit
 .text.__sfp    0x080018e4       0x78 c:/program files (x86)/embitz/1.11/share/em_armgcc/bin/../lib/gcc/arm-none-eabi/5.4.1/../../../../arm-none-eabi/lib/armv7e-m\libg_n.a(lib_a-findfp.o)
                0x080018e4                __sfp
 .text._fwalk_reent
                0x0800195c       0x3c c:/program files (x86)/embitz/1.11/share/em_armgcc/bin/../lib/gcc/arm-none-eabi/5.4.1/../../../../arm-none-eabi/lib/armv7e-m\libg_n.a(lib_a-fwalk.o)
                0x0800195c                _fwalk_reent
 .text.__swhatbuf_r
                0x08001998       0x46 c:/program files (x86)/embitz/1.11/share/em_armgcc/bin/../lib/gcc/arm-none-eabi/5.4.1/../../../../arm-none-eabi/lib/armv7e-m\libg_n.a(lib_a-makebuf.o)
                0x08001998                __swhatbuf_r
 *fill*         0x080019de        0x2 
 .text.__smakebuf_r
                0x080019e0       0x78 c:/program files (x86)/embitz/1.11/share/em_armgcc/bin/../lib/gcc/arm-none-eabi/5.4.1/../../../../arm-none-eabi/lib/armv7e-m\libg_n.a(lib_a-makebuf.o)
                0x080019e0                __smakebuf_r
 .text.malloc   0x08001a58       0x10 c:/program files (x86)/embitz/1.11/share/em_armgcc/bin/../lib/gcc/arm-none-eabi/5.4.1/../../../../arm-none-eabi/lib/armv7e-m\libg_n.a(lib_a-malloc.o)
                0x08001a58                malloc
 .text.__malloc_lock
                0x08001a68        0x2 c:/program files (x86)/embitz/1.11/share/em_armgcc/bin/../lib/gcc/arm-none-eabi/5.4.1/../../../../arm-none-eabi/lib/armv7e-m\libg_n.a(lib_a-mlock.o)
                0x08001a68                __malloc_lock
 .text.__malloc_unlock
                0x08001a6a        0x2 c:/program files (x86)/embitz/1.11/share/em_armgcc/bin/../lib/gcc/arm-none-eabi/5.4.1/../../../../arm-none-eabi/lib/armv7e-m\libg_n.a(lib_a-mlock.o)
                0x08001a6a                __malloc_unlock
 .text._free_r  0x08001a6c       0x9c c:/program files (x86)/embitz/1.11/share/em_armgcc/bin/../lib/gcc/arm-none-eabi/5.4.1/../../../../arm-none-eabi/lib/armv7e-m\libg_n.a(lib_a-nano-freer.o)
                0x08001a6c                _free_r
 .text.__ssputs_r
                0x08001b08       0xb2 c:/program files (x86)/embitz/1.11/share/em_armgcc/bin/../lib/gcc/arm-none-eabi/5.4.1/../../../../arm-none-eabi/lib/armv7e-m\libg_n.a(lib_a-nano-svfprintf.o)
                0x08001b08                __ssputs_r
 *fill*         0x08001bba        0x2 
 .text._svfprintf_r
                0x08001bbc      0x1e8 c:/program files (x86)/embitz/1.11/share/em_armgcc/bin/../lib/gcc/arm-none-eabi/5.4.1/../../../../arm-none-eabi/lib/armv7e-m\libg_n.a(lib_a-nano-svfprintf.o)
                0x08001bbc                _svfiprintf_r
                0x08001bbc                _svfprintf_r
 .text.__sfputc_r
                0x08001da4       0x2c c:/program files (x86)/embitz/1.11/share/em_armgcc/bin/../lib/gcc/arm-none-eabi/5.4.1/../../../../arm-none-eabi/lib/armv7e-m\libg_n.a(lib_a-nano-vfprintf.o)
 .text.__sfputs_r
                0x08001dd0       0x24 c:/program files (x86)/embitz/1.11/share/em_armgcc/bin/../lib/gcc/arm-none-eabi/5.4.1/../../../../arm-none-eabi/lib/armv7e-m\libg_n.a(lib_a-nano-vfprintf.o)
                0x08001dd0                __sfputs_r
 .text._vfprintf_r
                0x08001df4      0x238 c:/program files (x86)/embitz/1.11/share/em_armgcc/bin/../lib/gcc/arm-none-eabi/5.4.1/../../../../arm-none-eabi/lib/armv7e-m\libg_n.a(lib_a-nano-vfprintf.o)
                0x08001df4                _vfprintf_r
                0x08001df4                _vfiprintf_r
 .text._printf_common
                0x0800202c       0xec c:/program files (x86)/embitz/1.11/share/em_armgcc/bin/../lib/gcc/arm-none-eabi/5.4.1/../../../../arm-none-eabi/lib/armv7e-m\libg_n.a(lib_a-nano-vfprintf_i.o)
                0x0800202c                _printf_common
 .text._printf_i
                0x08002118      0x24c c:/program files (x86)/embitz/1.11/share/em_armgcc/bin/../lib/gcc/arm-none-eabi/5.4.1/../../../../arm-none-eabi/lib/armv7e-m\libg_n.a(lib_a-nano-vfprintf_i.o)
                0x08002118                _printf_i
 .text.__sread  0x08002364       0x22 c:/program files (x86)/embitz/1.11/share/em_armgcc/bin/../lib/gcc/arm-none-eabi/5.4.1/../../../../arm-none-eabi/lib/armv7e-m\libg_n.a(lib_a-stdio.o)
                0x08002364                __sread
 .text.__swrite
                0x08002386       0x38 c:/program files (x86)/embitz/1.11/share/em_armgcc/bin/../lib/gcc/arm-none-eabi/5.4.1/../../../../arm-none-eabi/lib/armv7e-m\libg_n.a(lib_a-stdio.o)
                0x08002386                __swrite
 .text.__sseek  0x080023be       0x24 c:/program files (x86)/embitz/1.11/share/em_armgcc/bin/../lib/gcc/arm-none-eabi/5.4.1/../../../../arm-none-eabi/lib/armv7e-m\libg_n.a(lib_a-stdio.o)
                0x080023be                __sseek
 .text.__sclose
                0x080023e2        0x8 c:/program files (x86)/embitz/1.11/share/em_armgcc/bin/../lib/gcc/arm-none-eabi/5.4.1/../../../../arm-none-eabi/lib/armv7e-m\libg_n.a(lib_a-stdio.o)
                0x080023e2                __sclose
 *fill*         0x080023ea        0x2 
 .text._close_r
                0x080023ec       0x20 c:/program files (x86)/embitz/1.11/share/em_armgcc/bin/../lib/gcc/arm-none-eabi/5.4.1/../../../../arm-none-eabi/lib/armv7e-m\libg_n.a(lib_a-closer.o)
                0x080023ec                _close_r
 .text._fstat_r
                0x0800240c       0x24 c:/program files (x86)/embitz/1.11/share/em_armgcc/bin/../lib/gcc/arm-none-eabi/5.4.1/../../../../arm-none-eabi/lib/armv7e-m\libg_n.a(lib_a-fstatr.o)
                0x0800240c                _fstat_r
 .text._isatty_r
                0x08002430       0x20 c:/program files (x86)/embitz/1.11/share/em_armgcc/bin/../lib/gcc/arm-none-eabi/5.4.1/../../../../arm-none-eabi/lib/armv7e-m\libg_n.a(lib_a-isattyr.o)
                0x08002430                _isatty_r
 .text._lseek_r
                0x08002450       0x24 c:/program files (x86)/embitz/1.11/share/em_armgcc/bin/../lib/gcc/arm-none-eabi/5.4.1/../../../../arm-none-eabi/lib/armv7e-m\libg_n.a(lib_a-lseekr.o)
                0x08002450                _lseek_r
 *fill*         0x08002474        0xc 
 .text          0x08002480       0xa0 c:/program files (x86)/embitz/1.11/share/em_armgcc/bin/../lib/gcc/arm-none-eabi/5.4.1/../../../../arm-none-eabi/lib/armv7e-m\libg_n.a(lib_a-memchr.o)
                0x08002480                memchr
 .text.memcpy   0x08002520       0x16 c:/program files (x86)/embitz/1.11/share/em_armgcc/bin/../lib/gcc/arm-none-eabi/5.4.1/../../../../arm-none-eabi/lib/armv7e-m\libg_n.a(lib_a-memcpy-stub.o)
                0x08002520                memcpy
 .text.memmove  0x08002536       0x36 c:/program files (x86)/embitz/1.11/share/em_armgcc/bin/../lib/gcc/arm-none-eabi/5.4.1/../../../../arm-none-eabi/lib/armv7e-m\libg_n.a(lib_a-memmove.o)
                0x08002536                memmove
 .text._realloc_r
                0x0800256c       0x4c c:/program files (x86)/embitz/1.11/share/em_armgcc/bin/../lib/gcc/arm-none-eabi/5.4.1/../../../../arm-none-eabi/lib/armv7e-m\libg_n.a(lib_a-nano-reallocr.o)
                0x0800256c                _realloc_r
 .text._read_r  0x080025b8       0x24 c:/program files (x86)/embitz/1.11/share/em_armgcc/bin/../lib/gcc/arm-none-eabi/5.4.1/../../../../arm-none-eabi/lib/armv7e-m\libg_n.a(lib_a-readr.o)
                0x080025b8                _read_r
 .text._malloc_usable_size_r
                0x080025dc       0x14 c:/program files (x86)/embitz/1.11/share/em_armgcc/bin/../lib/gcc/arm-none-eabi/5.4.1/../../../../arm-none-eabi/lib/armv7e-m\libg_n.a(lib_a-nano-msizer.o)
                0x080025dc                _malloc_usable_size_r
 .text._close   0x080025f0       0x10 c:/program files (x86)/embitz/1.11/share/em_armgcc/bin/../lib/gcc/arm-none-eabi/5.4.1/../../../../arm-none-eabi/lib/armv7e-m\libnosys_s.a(close.o)
                0x080025f0                _close
 .text._fstat   0x08002600       0x10 c:/program files (x86)/embitz/1.11/share/em_armgcc/bin/../lib/gcc/arm-none-eabi/5.4.1/../../../../arm-none-eabi/lib/armv7e-m\libnosys_s.a(fstat.o)
                0x08002600                _fstat
 .text._isatty  0x08002610       0x10 c:/program files (x86)/embitz/1.11/share/em_armgcc/bin/../lib/gcc/arm-none-eabi/5.4.1/../../../../arm-none-eabi/lib/armv7e-m\libnosys_s.a(isatty.o)
                0x08002610                _isatty
 .text._lseek   0x08002620       0x10 c:/program files (x86)/embitz/1.11/share/em_armgcc/bin/../lib/gcc/arm-none-eabi/5.4.1/../../../../arm-none-eabi/lib/armv7e-m\libnosys_s.a(lseek.o)
                0x08002620                _lseek
 .text._read    0x08002630       0x10 c:/program files (x86)/embitz/1.11/share/em_armgcc/bin/../lib/gcc/arm-none-eabi/5.4.1/../../../../arm-none-eabi/lib/armv7e-m\libnosys_s.a(read.o)
                0x08002630                _read
 .text._sbrk    0x08002640       0x1c c:/program files (x86)/embitz/1.11/share/em_armgcc/bin/../lib/gcc/arm-none-eabi/5.4.1/../../../../arm-none-eabi/lib/armv7e-m\libnosys_s.a(sbrk.o)
                0x08002640                _sbrk
 .text._exit    0x0800265c        0x2 c:/program files (x86)/embitz/1.11/share/em_armgcc/bin/../lib/gcc/arm-none-eabi/5.4.1/../../../../arm-none-eabi/lib/armv7e-m\libnosys_s.a(_exit.o)
                0x0800265c                _exit
 *(.init)
 *fill*         0x0800265e        0x2 
 .init          0x08002660        0x4 c:/program files (x86)/embitz/1.11/share/em_armgcc/bin/../lib/gcc/arm-none-eabi/5.4.1/armv7e-m/crti.o
                0x08002660                _init
 .init          0x08002664        0x8 c:/program files (x86)/embitz/1.11/share/em_armgcc/bin/../lib/gcc/arm-none-eabi/5.4.1/armv7e-m/crtn.o
 *(.fini)
 .fini          0x0800266c        0x4 c:/program files (x86)/embitz/1.11/share/em_armgcc/bin/../lib/gcc/arm-none-eabi/5.4.1/armv7e-m/crti.o
                0x0800266c                _fini
 .fini          0x08002670        0x8 c:/program files (x86)/embitz/1.11/share/em_armgcc/bin/../lib/gcc/arm-none-eabi/5.4.1/armv7e-m/crtn.o
 *crtbegin.o(.ctors)
 *crtbegin?.o(.ctors)
 *(EXCLUDE_FILE(*crtend.o *crtend?.o) .ctors)
 *(SORT(.ctors.*))
 *(.ctors)
 *crtbegin.o(.dtors)
 *crtbegin?.o(.dtors)
 *(EXCLUDE_FILE(*crtend.o *crtend?.o) .dtors)
 *(SORT(.dtors.*))
 *(.dtors)
 *(.rodata*)
 .rodata.str1.4
                0x08002678       0x91 obj\release\src\ansi.o
 *fill*         0x08002709        0x3 
 .rodata.character_data
                0x0800270c      0x1db obj\release\src\charset.o
                0x0800270c                character_data
 .rodata.str1.4
                0x080028e7        0x3 obj\release\src\main.o
 *fill*         0x080028e7        0x1 
 .rodata.str1.4
                0x080028e8       0x30 obj\release\src\mbed.o
                                 0x2e (size before relaxing)
 .rodata.str1.1
                0x08002918        0x2 c:/program files (x86)/embitz/1.11/share/em_armgcc/bin/../lib/gcc/arm-none-eabi/5.4.1/../../../../arm-none-eabi/lib/armv7e-m\libg_n.a(lib_a-impure.o)
 *fill*         0x0800291a        0x2 
 .rodata._global_impure_ptr
                0x0800291c        0x4 c:/program files (x86)/embitz/1.11/share/em_armgcc/bin/../lib/gcc/arm-none-eabi/5.4.1/../../../../arm-none-eabi/lib/armv7e-m\libg_n.a(lib_a-impure.o)
                0x0800291c                _global_impure_ptr
 .rodata.__sf_fake_stdin
                0x08002920       0x20 c:/program files (x86)/embitz/1.11/share/em_armgcc/bin/../lib/gcc/arm-none-eabi/5.4.1/../../../../arm-none-eabi/lib/armv7e-m\libg_n.a(lib_a-findfp.o)
                0x08002920                __sf_fake_stdin
 .rodata.__sf_fake_stdout
                0x08002940       0x20 c:/program files (x86)/embitz/1.11/share/em_armgcc/bin/../lib/gcc/arm-none-eabi/5.4.1/../../../../arm-none-eabi/lib/armv7e-m\libg_n.a(lib_a-findfp.o)
                0x08002940                __sf_fake_stdout
 .rodata.__sf_fake_stderr
                0x08002960       0x20 c:/program files (x86)/embitz/1.11/share/em_armgcc/bin/../lib/gcc/arm-none-eabi/5.4.1/../../../../arm-none-eabi/lib/armv7e-m\libg_n.a(lib_a-findfp.o)
                0x08002960                __sf_fake_stderr
 .rodata.str1.1
                0x08002980       0x11 c:/program files (x86)/embitz/1.11/share/em_armgcc/bin/../lib/gcc/arm-none-eabi/5.4.1/../../../../arm-none-eabi/lib/armv7e-m\libg_n.a(lib_a-nano-svfprintf.o)
 .rodata.str1.1
                0x08002991       0x11 c:/program files (x86)/embitz/1.11/share/em_armgcc/bin/../lib/gcc/arm-none-eabi/5.4.1/../../../../arm-none-eabi/lib/armv7e-m\libg_n.a(lib_a-nano-vfprintf.o)
 .rodata.str1.1
                0x08002991       0x22 c:/program files (x86)/embitz/1.11/share/em_armgcc/bin/../lib/gcc/arm-none-eabi/5.4.1/../../../../arm-none-eabi/lib/armv7e-m\libg_n.a(lib_a-nano-vfprintf_i.o)
 *(.eh_frame*)
 *fill*         0x080029b3        0x1 
 .eh_frame      0x080029b4        0x0 c:/program files (x86)/embitz/1.11/share/em_armgcc/bin/../lib/gcc/arm-none-eabi/5.4.1/armv7e-m/crtbegin.o
 .eh_frame      0x080029b4        0x4 c:/program files (x86)/embitz/1.11/share/em_armgcc/bin/../lib/gcc/arm-none-eabi/5.4.1/armv7e-m/crtend.o

.glue_7         0x080029b8        0x0
 .glue_7        0x080029b8        0x0 linker stubs

.glue_7t        0x080029b8        0x0
 .glue_7t       0x080029b8        0x0 linker stubs

.vfp11_veneer   0x080029b8        0x0
 .vfp11_veneer  0x080029b8        0x0 linker stubs

.v4_bx          0x080029b8        0x0
 .v4_bx         0x080029b8        0x0 linker stubs

.iplt           0x080029b8        0x0
 .iplt          0x080029b8        0x0 c:/program files (x86)/embitz/1.11/share/em_armgcc/bin/../lib/gcc/arm-none-eabi/5.4.1/armv7e-m/crtbegin.o

.ARM.extab
 *(.ARM.extab* .gnu.linkonce.armextab.*)
                0x080029b8                __exidx_start = .

.ARM.exidx      0x080029b8        0x8
 *(.ARM.exidx* .gnu.linkonce.armexidx.*)
 .ARM.exidx     0x080029b8        0x8 c:/program files (x86)/embitz/1.11/share/em_armgcc/bin/../lib/gcc/arm-none-eabi/5.4.1/../../../../arm-none-eabi/lib/armv7e-m/crt0.o
                0x080029c0                __exidx_end = .
                0x080029c0                __etext = .

.rel.dyn        0x080029c0        0x0
 .rel.iplt      0x080029c0        0x0 c:/program files (x86)/embitz/1.11/share/em_armgcc/bin/../lib/gcc/arm-none-eabi/5.4.1/armv7e-m/crtbegin.o

.data           0x20000000       0x98 load address 0x080029c0
                0x20000000                __data_start__ = .
 *(vtable)
 *(.data*)
 .data.ADCPrescTable
                0x20000000       0x1a obj\release\spl\src\stm32f30x_rcc.o
 *fill*         0x2000001a        0x2 
 .data.APBAHBPrescTable
                0x2000001c       0x10 obj\release\spl\src\stm32f30x_rcc.o
 .data.impure_data
                0x2000002c       0x60 c:/program files (x86)/embitz/1.11/share/em_armgcc/bin/../lib/gcc/arm-none-eabi/5.4.1/../../../../arm-none-eabi/lib/armv7e-m\libg_n.a(lib_a-impure.o)
 .data._impure_ptr
                0x2000008c        0x4 c:/program files (x86)/embitz/1.11/share/em_armgcc/bin/../lib/gcc/arm-none-eabi/5.4.1/../../../../arm-none-eabi/lib/armv7e-m\libg_n.a(lib_a-impure.o)
                0x2000008c                _impure_ptr
                0x20000090                . = ALIGN (0x4)
                0x20000090                PROVIDE (__preinit_array_start, .)
 *(.preinit_array)
                0x20000090                PROVIDE (__preinit_array_end, .)
                0x20000090                . = ALIGN (0x4)
                0x20000090                PROVIDE (__init_array_start, .)
 *(SORT(.init_array.*))
 *(.init_array)
 .init_array    0x20000090        0x4 c:/program files (x86)/embitz/1.11/share/em_armgcc/bin/../lib/gcc/arm-none-eabi/5.4.1/armv7e-m/crtbegin.o
                0x20000094                PROVIDE (__init_array_end, .)
                0x20000094                . = ALIGN (0x4)
                [!provide]                PROVIDE (__fini_array_start, .)
 *(SORT(.fini_array.*))
 *(.fini_array)
 .fini_array    0x20000094        0x4 c:/program files (x86)/embitz/1.11/share/em_armgcc/bin/../lib/gcc/arm-none-eabi/5.4.1/armv7e-m/crtbegin.o
                [!provide]                PROVIDE (__fini_array_end, .)
                0x20000098                . = ALIGN (0x4)
                0x20000098                __data_end__ = .

.jcr            0x20000098        0x0 load address 0x08002a58
 .jcr           0x20000098        0x0 c:/program files (x86)/embitz/1.11/share/em_armgcc/bin/../lib/gcc/arm-none-eabi/5.4.1/armv7e-m/crtbegin.o

.igot.plt       0x20000098        0x0 load address 0x08002a58
 .igot.plt      0x20000098        0x0 c:/program files (x86)/embitz/1.11/share/em_armgcc/bin/../lib/gcc/arm-none-eabi/5.4.1/armv7e-m/crtbegin.o

.bss            0x20000098      0x13c load address 0x08002a58
                0x20000098                __bss_start__ = .
 *(.bss*)
 .bss           0x20000098       0x1c c:/program files (x86)/embitz/1.11/share/em_armgcc/bin/../lib/gcc/arm-none-eabi/5.4.1/armv7e-m/crtbegin.o
 .bss.UART_END_IDX
                0x200000b4        0x1 obj\release\src\30010_io.o
                0x200000b4                UART_END_IDX
 *fill*         0x200000b5        0x3 
 .bss.UART_BUFFER
                0x200000b8      0x100 obj\release\src\30010_io.o
                0x200000b8                UART_BUFFER
 .bss.UART_START_IDX
                0x200001b8        0x1 obj\release\src\30010_io.o
                0x200001b8                UART_START_IDX
 .bss.UART_COUNT
                0x200001b9        0x1 obj\release\src\30010_io.o
                0x200001b9                UART_COUNT
 *fill*         0x200001ba        0x2 
 .bss.time      0x200001bc        0x4 obj\release\src\mbed.o
                0x200001bc                time
 .bss.flag      0x200001c0        0x4 obj\release\src\mbed.o
                0x200001c0                flag
 .bss.__malloc_sbrk_start
                0x200001c4        0x4 c:/program files (x86)/embitz/1.11/share/em_armgcc/bin/../lib/gcc/arm-none-eabi/5.4.1/../../../../arm-none-eabi/lib/armv7e-m\libg_n.a(lib_a-nano-mallocr.o)
                0x200001c4                __malloc_sbrk_start
 .bss.__malloc_free_list
                0x200001c8        0x4 c:/program files (x86)/embitz/1.11/share/em_armgcc/bin/../lib/gcc/arm-none-eabi/5.4.1/../../../../arm-none-eabi/lib/armv7e-m\libg_n.a(lib_a-nano-mallocr.o)
                0x200001c8                __malloc_free_list
 .bss.heap_end.4167
                0x200001cc        0x4 c:/program files (x86)/embitz/1.11/share/em_armgcc/bin/../lib/gcc/arm-none-eabi/5.4.1/../../../../arm-none-eabi/lib/armv7e-m\libnosys_s.a(sbrk.o)
 *(COMMON)
 COMMON         0x200001d0        0x4 c:/program files (x86)/embitz/1.11/share/em_armgcc/bin/../lib/gcc/arm-none-eabi/5.4.1/../../../../arm-none-eabi/lib/armv7e-m\libg_n.a(lib_a-reent.o)
                0x200001d0                errno
                0x200001d4                __bss_end__ = .

.heap           0x200001d8        0x0
                0x200001d8                __end__ = .
                0x200001d8                end = __end__
 *(.heap*)
 .heap          0x200001d8        0x0 obj\release\src\startup_stm32f30x.o
                0x200001d8                __HeapLimit = .

.stack_dummy    0x200001d8      0x100
 *(.stack)
 .stack         0x200001d8      0x100 obj\release\src\startup_stm32f30x.o
                0x20004000                __StackTop = (ORIGIN (RAM) + LENGTH (RAM))
                0x20003f00                __StackLimit = (__StackTop - SIZEOF (.stack_dummy))
                0x20004000                PROVIDE (__stack, __StackTop)
                0x00000001                ASSERT ((__StackLimit >= __HeapLimit), region RAM overflowed with stack)
LOAD obj\release\spl\src\stm32f30x_adc.o
LOAD obj\release\spl\src\stm32f30x_can.o
LOAD obj\release\spl\src\stm32f30x_comp.o
LOAD obj\release\spl\src\stm32f30x_crc.o
LOAD obj\release\spl\src\stm32f30x_dac.o
LOAD obj\release\spl\src\stm32f30x_dbgmcu.o
LOAD obj\release\spl\src\stm32f30x_dma.o
LOAD obj\release\spl\src\stm32f30x_exti.o
LOAD obj\release\spl\src\stm32f30x_flash.o
LOAD obj\release\spl\src\stm32f30x_gpio.o
LOAD obj\release\spl\src\stm32f30x_i2c.o
LOAD obj\release\spl\src\stm32f30x_iwdg.o
LOAD obj\release\spl\src\stm32f30x_misc.o
LOAD obj\release\spl\src\stm32f30x_opamp.o
LOAD obj\release\spl\src\stm32f30x_pwr.o
LOAD obj\release\spl\src\stm32f30x_rcc.o
LOAD obj\release\spl\src\stm32f30x_rtc.o
LOAD obj\release\spl\src\stm32f30x_spi.o
LOAD obj\release\spl\src\stm32f30x_syscfg.o
LOAD obj\release\spl\src\stm32f30x_tim.o
LOAD obj\release\spl\src\stm32f30x_usart.o
LOAD obj\release\spl\src\stm32f30x_wwdg.o
LOAD obj\release\src\30010_io.o
LOAD obj\release\src\aliens.o
LOAD obj\release\src\ansi.o
LOAD obj\release\src\ball.o
LOAD obj\release\src\charset.o
LOAD obj\release\src\landscape.o
LOAD obj\release\src\lcd.o
LOAD obj\release\src\lutsin.o
LOAD obj\release\src\main.o
LOAD obj\release\src\mbed.o
LOAD obj\release\src\menu.o
LOAD obj\release\src\serialread.o
LOAD obj\release\src\spaceship.o
LOAD obj\release\src\startup_stm32f30x.o
LOAD obj\release\src\system_stm32f30x.o
LOAD obj\release\src\trigonometric.o
LOAD obj\release\src\vectors.o
START GROUP
LOAD c:/program files (x86)/embitz/1.11/share/em_armgcc/bin/../lib/gcc/arm-none-eabi/5.4.1/armv7e-m\libgcc.a
LOAD c:/program files (x86)/embitz/1.11/share/em_armgcc/bin/../lib/gcc/arm-none-eabi/5.4.1/../../../../arm-none-eabi/lib/armv7e-m\libg_n.a
LOAD c:/program files (x86)/embitz/1.11/share/em_armgcc/bin/../lib/gcc/arm-none-eabi/5.4.1/../../../../arm-none-eabi/lib/armv7e-m\libc_n.a
END GROUP
START GROUP
LOAD c:/program files (x86)/embitz/1.11/share/em_armgcc/bin/../lib/gcc/arm-none-eabi/5.4.1/armv7e-m\libgcc.a
LOAD c:/program files (x86)/embitz/1.11/share/em_armgcc/bin/../lib/gcc/arm-none-eabi/5.4.1/../../../../arm-none-eabi/lib/armv7e-m\libc_n.a
LOAD c:/program files (x86)/embitz/1.11/share/em_armgcc/bin/../lib/gcc/arm-none-eabi/5.4.1/../../../../arm-none-eabi/lib/armv7e-m\libnosys_s.a
END GROUP
LOAD c:/program files (x86)/embitz/1.11/share/em_armgcc/bin/../lib/gcc/arm-none-eabi/5.4.1/armv7e-m/crtend.o
LOAD c:/program files (x86)/embitz/1.11/share/em_armgcc/bin/../lib/gcc/arm-none-eabi/5.4.1/armv7e-m/crtn.o
OUTPUT(bin\Release\SpaceProgram.elf elf32-littlearm)

.ARM.attributes
                0x00000000       0x2a
 .ARM.attributes
                0x00000000       0x1e c:/program files (x86)/embitz/1.11/share/em_armgcc/bin/../lib/gcc/arm-none-eabi/5.4.1/armv7e-m/crti.o
 .ARM.attributes
                0x0000001e       0x2e c:/program files (x86)/embitz/1.11/share/em_armgcc/bin/../lib/gcc/arm-none-eabi/5.4.1/armv7e-m/crtbegin.o
 .ARM.attributes
                0x0000004c       0x1c c:/program files (x86)/embitz/1.11/share/em_armgcc/bin/../lib/gcc/arm-none-eabi/5.4.1/../../../../arm-none-eabi/lib/armv7e-m/crt0.o
 .ARM.attributes
                0x00000068       0x33 obj\release\spl\src\stm32f30x_adc.o
 .ARM.attributes
                0x0000009b       0x33 obj\release\spl\src\stm32f30x_rcc.o
 .ARM.attributes
                0x000000ce       0x33 obj\release\spl\src\stm32f30x_spi.o
 .ARM.attributes
                0x00000101       0x33 obj\release\spl\src\stm32f30x_usart.o
 .ARM.attributes
                0x00000134       0x33 obj\release\src\30010_io.o
 .ARM.attributes
                0x00000167       0x33 obj\release\src\ansi.o
 .ARM.attributes
                0x0000019a       0x33 obj\release\src\charset.o
 .ARM.attributes
                0x000001cd       0x33 obj\release\src\lcd.o
 .ARM.attributes
                0x00000200       0x33 obj\release\src\main.o
 .ARM.attributes
                0x00000233       0x33 obj\release\src\mbed.o
 .ARM.attributes
                0x00000266       0x1b obj\release\src\startup_stm32f30x.o
 .ARM.attributes
                0x00000281       0x33 obj\release\src\system_stm32f30x.o
 .ARM.attributes
                0x000002b4       0x2e c:/program files (x86)/embitz/1.11/share/em_armgcc/bin/../lib/gcc/arm-none-eabi/5.4.1/../../../../arm-none-eabi/lib/armv7e-m\libg_n.a(lib_a-exit.o)
 .ARM.attributes
                0x000002e2       0x2e c:/program files (x86)/embitz/1.11/share/em_armgcc/bin/../lib/gcc/arm-none-eabi/5.4.1/../../../../arm-none-eabi/lib/armv7e-m\libg_n.a(lib_a-impure.o)
 .ARM.attributes
                0x00000310       0x2e c:/program files (x86)/embitz/1.11/share/em_armgcc/bin/../lib/gcc/arm-none-eabi/5.4.1/../../../../arm-none-eabi/lib/armv7e-m\libg_n.a(lib_a-init.o)
 .ARM.attributes
                0x0000033e       0x2e c:/program files (x86)/embitz/1.11/share/em_armgcc/bin/../lib/gcc/arm-none-eabi/5.4.1/../../../../arm-none-eabi/lib/armv7e-m\libg_n.a(lib_a-memset.o)
 .ARM.attributes
                0x0000036c       0x2e c:/program files (x86)/embitz/1.11/share/em_armgcc/bin/../lib/gcc/arm-none-eabi/5.4.1/../../../../arm-none-eabi/lib/armv7e-m\libg_n.a(lib_a-nano-mallocr.o)
 .ARM.attributes
                0x0000039a       0x2e c:/program files (x86)/embitz/1.11/share/em_armgcc/bin/../lib/gcc/arm-none-eabi/5.4.1/../../../../arm-none-eabi/lib/armv7e-m\libg_n.a(lib_a-printf.o)
 .ARM.attributes
                0x000003c8       0x2e c:/program files (x86)/embitz/1.11/share/em_armgcc/bin/../lib/gcc/arm-none-eabi/5.4.1/../../../../arm-none-eabi/lib/armv7e-m\libg_n.a(lib_a-sbrkr.o)
 .ARM.attributes
                0x000003f6       0x2e c:/program files (x86)/embitz/1.11/share/em_armgcc/bin/../lib/gcc/arm-none-eabi/5.4.1/../../../../arm-none-eabi/lib/armv7e-m\libg_n.a(lib_a-setbuf.o)
 .ARM.attributes
                0x00000424       0x2e c:/program files (x86)/embitz/1.11/share/em_armgcc/bin/../lib/gcc/arm-none-eabi/5.4.1/../../../../arm-none-eabi/lib/armv7e-m\libg_n.a(lib_a-setvbuf.o)
 .ARM.attributes
                0x00000452       0x2e c:/program files (x86)/embitz/1.11/share/em_armgcc/bin/../lib/gcc/arm-none-eabi/5.4.1/../../../../arm-none-eabi/lib/armv7e-m\libg_n.a(lib_a-sprintf.o)
 .ARM.attributes
                0x00000480       0x17 c:/program files (x86)/embitz/1.11/share/em_armgcc/bin/../lib/gcc/arm-none-eabi/5.4.1/../../../../arm-none-eabi/lib/armv7e-m\libg_n.a(lib_a-strlen.o)
 .ARM.attributes
                0x00000497       0x2e c:/program files (x86)/embitz/1.11/share/em_armgcc/bin/../lib/gcc/arm-none-eabi/5.4.1/../../../../arm-none-eabi/lib/armv7e-m\libg_n.a(lib_a-wbuf.o)
 .ARM.attributes
                0x000004c5       0x2e c:/program files (x86)/embitz/1.11/share/em_armgcc/bin/../lib/gcc/arm-none-eabi/5.4.1/../../../../arm-none-eabi/lib/armv7e-m\libg_n.a(lib_a-wsetup.o)
 .ARM.attributes
                0x000004f3       0x2e c:/program files (x86)/embitz/1.11/share/em_armgcc/bin/../lib/gcc/arm-none-eabi/5.4.1/../../../../arm-none-eabi/lib/armv7e-m\libg_n.a(lib_a-fflush.o)
 .ARM.attributes
                0x00000521       0x2e c:/program files (x86)/embitz/1.11/share/em_armgcc/bin/../lib/gcc/arm-none-eabi/5.4.1/../../../../arm-none-eabi/lib/armv7e-m\libg_n.a(lib_a-findfp.o)
 .ARM.attributes
                0x0000054f       0x2e c:/program files (x86)/embitz/1.11/share/em_armgcc/bin/../lib/gcc/arm-none-eabi/5.4.1/../../../../arm-none-eabi/lib/armv7e-m\libg_n.a(lib_a-fwalk.o)
 .ARM.attributes
                0x0000057d       0x2e c:/program files (x86)/embitz/1.11/share/em_armgcc/bin/../lib/gcc/arm-none-eabi/5.4.1/../../../../arm-none-eabi/lib/armv7e-m\libg_n.a(lib_a-makebuf.o)
 .ARM.attributes
                0x000005ab       0x2e c:/program files (x86)/embitz/1.11/share/em_armgcc/bin/../lib/gcc/arm-none-eabi/5.4.1/../../../../arm-none-eabi/lib/armv7e-m\libg_n.a(lib_a-malloc.o)
 .ARM.attributes
                0x000005d9       0x2e c:/program files (x86)/embitz/1.11/share/em_armgcc/bin/../lib/gcc/arm-none-eabi/5.4.1/../../../../arm-none-eabi/lib/armv7e-m\libg_n.a(lib_a-mlock.o)
 .ARM.attributes
                0x00000607       0x2e c:/program files (x86)/embitz/1.11/share/em_armgcc/bin/../lib/gcc/arm-none-eabi/5.4.1/../../../../arm-none-eabi/lib/armv7e-m\libg_n.a(lib_a-nano-freer.o)
 .ARM.attributes
                0x00000635       0x2e c:/program files (x86)/embitz/1.11/share/em_armgcc/bin/../lib/gcc/arm-none-eabi/5.4.1/../../../../arm-none-eabi/lib/armv7e-m\libg_n.a(lib_a-nano-svfprintf.o)
 .ARM.attributes
                0x00000663       0x2e c:/program files (x86)/embitz/1.11/share/em_armgcc/bin/../lib/gcc/arm-none-eabi/5.4.1/../../../../arm-none-eabi/lib/armv7e-m\libg_n.a(lib_a-nano-vfprintf.o)
 .ARM.attributes
                0x00000691       0x2e c:/program files (x86)/embitz/1.11/share/em_armgcc/bin/../lib/gcc/arm-none-eabi/5.4.1/../../../../arm-none-eabi/lib/armv7e-m\libg_n.a(lib_a-nano-vfprintf_i.o)
 .ARM.attributes
                0x000006bf       0x2e c:/program files (x86)/embitz/1.11/share/em_armgcc/bin/../lib/gcc/arm-none-eabi/5.4.1/../../../../arm-none-eabi/lib/armv7e-m\libg_n.a(lib_a-reent.o)
 .ARM.attributes
                0x000006ed       0x2e c:/program files (x86)/embitz/1.11/share/em_armgcc/bin/../lib/gcc/arm-none-eabi/5.4.1/../../../../arm-none-eabi/lib/armv7e-m\libg_n.a(lib_a-stdio.o)
 .ARM.attributes
                0x0000071b       0x2e c:/program files (x86)/embitz/1.11/share/em_armgcc/bin/../lib/gcc/arm-none-eabi/5.4.1/../../../../arm-none-eabi/lib/armv7e-m\libg_n.a(lib_a-closer.o)
 .ARM.attributes
                0x00000749       0x2e c:/program files (x86)/embitz/1.11/share/em_armgcc/bin/../lib/gcc/arm-none-eabi/5.4.1/../../../../arm-none-eabi/lib/armv7e-m\libg_n.a(lib_a-fstatr.o)
 .ARM.attributes
                0x00000777       0x2e c:/program files (x86)/embitz/1.11/share/em_armgcc/bin/../lib/gcc/arm-none-eabi/5.4.1/../../../../arm-none-eabi/lib/armv7e-m\libg_n.a(lib_a-isattyr.o)
 .ARM.attributes
                0x000007a5       0x2e c:/program files (x86)/embitz/1.11/share/em_armgcc/bin/../lib/gcc/arm-none-eabi/5.4.1/../../../../arm-none-eabi/lib/armv7e-m\libg_n.a(lib_a-lseekr.o)
 .ARM.attributes
                0x000007d3       0x1c c:/program files (x86)/embitz/1.11/share/em_armgcc/bin/../lib/gcc/arm-none-eabi/5.4.1/../../../../arm-none-eabi/lib/armv7e-m\libg_n.a(lib_a-memchr.o)
 .ARM.attributes
                0x000007ef       0x2e c:/program files (x86)/embitz/1.11/share/em_armgcc/bin/../lib/gcc/arm-none-eabi/5.4.1/../../../../arm-none-eabi/lib/armv7e-m\libg_n.a(lib_a-memcpy-stub.o)
 .ARM.attributes
                0x0000081d       0x2e c:/program files (x86)/embitz/1.11/share/em_armgcc/bin/../lib/gcc/arm-none-eabi/5.4.1/../../../../arm-none-eabi/lib/armv7e-m\libg_n.a(lib_a-memmove.o)
 .ARM.attributes
                0x0000084b       0x2e c:/program files (x86)/embitz/1.11/share/em_armgcc/bin/../lib/gcc/arm-none-eabi/5.4.1/../../../../arm-none-eabi/lib/armv7e-m\libg_n.a(lib_a-nano-reallocr.o)
 .ARM.attributes
                0x00000879       0x2e c:/program files (x86)/embitz/1.11/share/em_armgcc/bin/../lib/gcc/arm-none-eabi/5.4.1/../../../../arm-none-eabi/lib/armv7e-m\libg_n.a(lib_a-readr.o)
 .ARM.attributes
                0x000008a7       0x2e c:/program files (x86)/embitz/1.11/share/em_armgcc/bin/../lib/gcc/arm-none-eabi/5.4.1/../../../../arm-none-eabi/lib/armv7e-m\libg_n.a(lib_a-nano-msizer.o)
 .ARM.attributes
                0x000008d5       0x2e c:/program files (x86)/embitz/1.11/share/em_armgcc/bin/../lib/gcc/arm-none-eabi/5.4.1/../../../../arm-none-eabi/lib/armv7e-m\libnosys_s.a(close.o)
 .ARM.attributes
                0x00000903       0x2e c:/program files (x86)/embitz/1.11/share/em_armgcc/bin/../lib/gcc/arm-none-eabi/5.4.1/../../../../arm-none-eabi/lib/armv7e-m\libnosys_s.a(fstat.o)
 .ARM.attributes
                0x00000931       0x2e c:/program files (x86)/embitz/1.11/share/em_armgcc/bin/../lib/gcc/arm-none-eabi/5.4.1/../../../../arm-none-eabi/lib/armv7e-m\libnosys_s.a(isatty.o)
 .ARM.attributes
                0x0000095f       0x2e c:/program files (x86)/embitz/1.11/share/em_armgcc/bin/../lib/gcc/arm-none-eabi/5.4.1/../../../../arm-none-eabi/lib/armv7e-m\libnosys_s.a(lseek.o)
 .ARM.attributes
                0x0000098d       0x2e c:/program files (x86)/embitz/1.11/share/em_armgcc/bin/../lib/gcc/arm-none-eabi/5.4.1/../../../../arm-none-eabi/lib/armv7e-m\libnosys_s.a(read.o)
 .ARM.attributes
                0x000009bb       0x2e c:/program files (x86)/embitz/1.11/share/em_armgcc/bin/../lib/gcc/arm-none-eabi/5.4.1/../../../../arm-none-eabi/lib/armv7e-m\libnosys_s.a(sbrk.o)
 .ARM.attributes
                0x000009e9       0x2e c:/program files (x86)/embitz/1.11/share/em_armgcc/bin/../lib/gcc/arm-none-eabi/5.4.1/../../../../arm-none-eabi/lib/armv7e-m\libnosys_s.a(_exit.o)
 .ARM.attributes
                0x00000a17       0x2e c:/program files (x86)/embitz/1.11/share/em_armgcc/bin/../lib/gcc/arm-none-eabi/5.4.1/armv7e-m/crtend.o
 .ARM.attributes
                0x00000a45       0x1e c:/program files (x86)/embitz/1.11/share/em_armgcc/bin/../lib/gcc/arm-none-eabi/5.4.1/armv7e-m/crtn.o

.comment        0x00000000       0x6e
 .comment       0x00000000       0x6e obj\release\spl\src\stm32f30x_adc.o
                                 0x6f (size before relaxing)
 .comment       0x0000006e       0x6f obj\release\spl\src\stm32f30x_rcc.o
 .comment       0x0000006e       0x6f obj\release\spl\src\stm32f30x_spi.o
 .comment       0x0000006e       0x6f obj\release\spl\src\stm32f30x_usart.o
 .comment       0x0000006e       0x6f obj\release\src\30010_io.o
 .comment       0x0000006e       0x6f obj\release\src\ansi.o
 .comment       0x0000006e       0x6f obj\release\src\charset.o
 .comment       0x0000006e       0x6f obj\release\src\lcd.o
 .comment       0x0000006e       0x6f obj\release\src\main.o
 .comment       0x0000006e       0x6f obj\release\src\mbed.o
 .comment       0x0000006e       0x6f obj\release\src\system_stm32f30x.o

.debug_info     0x00000000     0xaf99
 .debug_info    0x00000000     0x1392 obj\release\spl\src\stm32f30x_adc.o
 .debug_info    0x00001392      0xb7c obj\release\spl\src\stm32f30x_rcc.o
 .debug_info    0x00001f0e      0xc4c obj\release\spl\src\stm32f30x_spi.o
 .debug_info    0x00002b5a      0xfeb obj\release\spl\src\stm32f30x_usart.o
 .debug_info    0x00003b45     0x1677 obj\release\src\30010_io.o
 .debug_info    0x000051bc     0x41c8 obj\release\src\ansi.o
 .debug_info    0x00009384       0x5d obj\release\src\charset.o
 .debug_info    0x000093e1      0x2cd obj\release\src\lcd.o
 .debug_info    0x000096ae      0x360 obj\release\src\main.o
 .debug_info    0x00009a0e     0x109d obj\release\src\mbed.o
 .debug_info    0x0000aaab       0x73 obj\release\src\startup_stm32f30x.o
 .debug_info    0x0000ab1e      0x47b obj\release\src\system_stm32f30x.o

.debug_abbrev   0x00000000     0x15f6
 .debug_abbrev  0x00000000      0x1e0 obj\release\spl\src\stm32f30x_adc.o
 .debug_abbrev  0x000001e0      0x299 obj\release\spl\src\stm32f30x_rcc.o
 .debug_abbrev  0x00000479      0x1d9 obj\release\spl\src\stm32f30x_spi.o
 .debug_abbrev  0x00000652      0x1ca obj\release\spl\src\stm32f30x_usart.o
 .debug_abbrev  0x0000081c      0x38d obj\release\src\30010_io.o
 .debug_abbrev  0x00000ba9      0x2fe obj\release\src\ansi.o
 .debug_abbrev  0x00000ea7       0x45 obj\release\src\charset.o
 .debug_abbrev  0x00000eec      0x16d obj\release\src\lcd.o
 .debug_abbrev  0x00001059      0x142 obj\release\src\main.o
 .debug_abbrev  0x0000119b      0x340 obj\release\src\mbed.o
 .debug_abbrev  0x000014db       0x14 obj\release\src\startup_stm32f30x.o
 .debug_abbrev  0x000014ef      0x107 obj\release\src\system_stm32f30x.o

.debug_loc      0x00000000     0x5a77
 .debug_loc     0x00000000      0xdd4 obj\release\spl\src\stm32f30x_adc.o
 .debug_loc     0x00000dd4      0xb6f obj\release\spl\src\stm32f30x_rcc.o
 .debug_loc     0x00001943      0x6af obj\release\spl\src\stm32f30x_spi.o
 .debug_loc     0x00001ff2      0x94c obj\release\spl\src\stm32f30x_usart.o
 .debug_loc     0x0000293e      0x3ad obj\release\src\30010_io.o
 .debug_loc     0x00002ceb     0x25e3 obj\release\src\ansi.o
 .debug_loc     0x000052ce      0x1ad obj\release\src\lcd.o
 .debug_loc     0x0000547b       0x3a obj\release\src\main.o
 .debug_loc     0x000054b5      0x4b9 obj\release\src\mbed.o
 .debug_loc     0x0000596e      0x109 obj\release\src\system_stm32f30x.o

.debug_aranges  0x00000000      0x928
 .debug_aranges
                0x00000000      0x210 obj\release\spl\src\stm32f30x_adc.o
 .debug_aranges
                0x00000210      0x150 obj\release\spl\src\stm32f30x_rcc.o
 .debug_aranges
                0x00000360      0x118 obj\release\spl\src\stm32f30x_spi.o
 .debug_aranges
                0x00000478      0x1a0 obj\release\spl\src\stm32f30x_usart.o
 .debug_aranges
                0x00000618       0x70 obj\release\src\30010_io.o
 .debug_aranges
                0x00000688      0x130 obj\release\src\ansi.o
 .debug_aranges
                0x000007b8       0x18 obj\release\src\charset.o
 .debug_aranges
                0x000007d0       0x30 obj\release\src\lcd.o
 .debug_aranges
                0x00000800       0x20 obj\release\src\main.o
 .debug_aranges
                0x00000820       0xc0 obj\release\src\mbed.o
 .debug_aranges
                0x000008e0       0x20 obj\release\src\startup_stm32f30x.o
 .debug_aranges
                0x00000900       0x28 obj\release\src\system_stm32f30x.o

.debug_ranges   0x00000000     0x12e8
 .debug_ranges  0x00000000      0x200 obj\release\spl\src\stm32f30x_adc.o
 .debug_ranges  0x00000200      0x160 obj\release\spl\src\stm32f30x_rcc.o
 .debug_ranges  0x00000360      0x108 obj\release\spl\src\stm32f30x_spi.o
 .debug_ranges  0x00000468      0x190 obj\release\spl\src\stm32f30x_usart.o
 .debug_ranges  0x000005f8       0x60 obj\release\src\30010_io.o
 .debug_ranges  0x00000658      0xb48 obj\release\src\ansi.o
 .debug_ranges  0x000011a0       0x20 obj\release\src\lcd.o
 .debug_ranges  0x000011c0       0x10 obj\release\src\main.o
 .debug_ranges  0x000011d0       0xe0 obj\release\src\mbed.o
 .debug_ranges  0x000012b0       0x38 obj\release\src\system_stm32f30x.o

.debug_line     0x00000000     0x34d4
 .debug_line    0x00000000      0x738 obj\release\spl\src\stm32f30x_adc.o
 .debug_line    0x00000738      0x540 obj\release\spl\src\stm32f30x_rcc.o
 .debug_line    0x00000c78      0x46d obj\release\spl\src\stm32f30x_spi.o
 .debug_line    0x000010e5      0x5e7 obj\release\spl\src\stm32f30x_usart.o
 .debug_line    0x000016cc      0x404 obj\release\src\30010_io.o
 .debug_line    0x00001ad0      0xfc0 obj\release\src\ansi.o
 .debug_line    0x00002a90       0x2e obj\release\src\charset.o
 .debug_line    0x00002abe      0x1d5 obj\release\src\lcd.o
 .debug_line    0x00002c93      0x1af obj\release\src\main.o
 .debug_line    0x00002e42      0x44e obj\release\src\mbed.o
 .debug_line    0x00003290       0xbb obj\release\src\startup_stm32f30x.o
 .debug_line    0x0000334b      0x189 obj\release\src\system_stm32f30x.o

.debug_str      0x00000000     0x2a8a
 .debug_str     0x00000000      0xb71 obj\release\spl\src\stm32f30x_adc.o
                                0xbe9 (size before relaxing)
 .debug_str     0x00000b71      0x5dc obj\release\spl\src\stm32f30x_rcc.o
                                0x837 (size before relaxing)
 .debug_str     0x0000114d      0x459 obj\release\spl\src\stm32f30x_spi.o
                                0x84a (size before relaxing)
 .debug_str     0x000015a6      0x6bd obj\release\spl\src\stm32f30x_usart.o
                                0xa82 (size before relaxing)
 .debug_str     0x00001c63      0x93d obj\release\src\30010_io.o
                                0xe04 (size before relaxing)
 .debug_str     0x000025a0      0x1ba obj\release\src\ansi.o
                                0x398 (size before relaxing)
 .debug_str     0x0000275a       0x1d obj\release\src\charset.o
                                0x111 (size before relaxing)
 .debug_str     0x00002777       0x62 obj\release\src\lcd.o
                                0x249 (size before relaxing)
 .debug_str     0x000027d9       0x69 obj\release\src\main.o
                                0x2a2 (size before relaxing)
 .debug_str     0x00002842      0x1d9 obj\release\src\mbed.o
                                0xa65 (size before relaxing)
 .debug_str     0x00002a1b       0x6f obj\release\src\system_stm32f30x.o
                                0x314 (size before relaxing)

.debug_frame    0x00000000     0x1f14
 .debug_frame   0x00000000      0x490 obj\release\spl\src\stm32f30x_adc.o
 .debug_frame   0x00000490      0x298 obj\release\spl\src\stm32f30x_rcc.o
 .debug_frame   0x00000728      0x278 obj\release\spl\src\stm32f30x_spi.o
 .debug_frame   0x000009a0      0x394 obj\release\spl\src\stm32f30x_usart.o
 .debug_frame   0x00000d34      0x134 obj\release\src\30010_io.o
 .debug_frame   0x00000e68      0x3e4 obj\release\src\ansi.o
 .debug_frame   0x0000124c       0x68 obj\release\src\lcd.o
 .debug_frame   0x000012b4       0x2c obj\release\src\main.o
 .debug_frame   0x000012e0      0x1d8 obj\release\src\mbed.o
 .debug_frame   0x000014b8       0x3c obj\release\src\system_stm32f30x.o
 .debug_frame   0x000014f4       0x28 c:/program files (x86)/embitz/1.11/share/em_armgcc/bin/../lib/gcc/arm-none-eabi/5.4.1/../../../../arm-none-eabi/lib/armv7e-m\libg_n.a(lib_a-exit.o)
 .debug_frame   0x0000151c       0x2c c:/program files (x86)/embitz/1.11/share/em_armgcc/bin/../lib/gcc/arm-none-eabi/5.4.1/../../../../arm-none-eabi/lib/armv7e-m\libg_n.a(lib_a-init.o)
 .debug_frame   0x00001548       0x20 c:/program files (x86)/embitz/1.11/share/em_armgcc/bin/../lib/gcc/arm-none-eabi/5.4.1/../../../../arm-none-eabi/lib/armv7e-m\libg_n.a(lib_a-memset.o)
 .debug_frame   0x00001568       0x2c c:/program files (x86)/embitz/1.11/share/em_armgcc/bin/../lib/gcc/arm-none-eabi/5.4.1/../../../../arm-none-eabi/lib/armv7e-m\libg_n.a(lib_a-nano-mallocr.o)
 .debug_frame   0x00001594       0x74 c:/program files (x86)/embitz/1.11/share/em_armgcc/bin/../lib/gcc/arm-none-eabi/5.4.1/../../../../arm-none-eabi/lib/armv7e-m\libg_n.a(lib_a-printf.o)
 .debug_frame   0x00001608       0x2c c:/program files (x86)/embitz/1.11/share/em_armgcc/bin/../lib/gcc/arm-none-eabi/5.4.1/../../../../arm-none-eabi/lib/armv7e-m\libg_n.a(lib_a-sbrkr.o)
 .debug_frame   0x00001634       0x20 c:/program files (x86)/embitz/1.11/share/em_armgcc/bin/../lib/gcc/arm-none-eabi/5.4.1/../../../../arm-none-eabi/lib/armv7e-m\libg_n.a(lib_a-setbuf.o)
 .debug_frame   0x00001654       0x38 c:/program files (x86)/embitz/1.11/share/em_armgcc/bin/../lib/gcc/arm-none-eabi/5.4.1/../../../../arm-none-eabi/lib/armv7e-m\libg_n.a(lib_a-setvbuf.o)
 .debug_frame   0x0000168c       0x70 c:/program files (x86)/embitz/1.11/share/em_armgcc/bin/../lib/gcc/arm-none-eabi/5.4.1/../../../../arm-none-eabi/lib/armv7e-m\libg_n.a(lib_a-sprintf.o)
 .debug_frame   0x000016fc       0x40 c:/program files (x86)/embitz/1.11/share/em_armgcc/bin/../lib/gcc/arm-none-eabi/5.4.1/../../../../arm-none-eabi/lib/armv7e-m\libg_n.a(lib_a-wbuf.o)
 .debug_frame   0x0000173c       0x2c c:/program files (x86)/embitz/1.11/share/em_armgcc/bin/../lib/gcc/arm-none-eabi/5.4.1/../../../../arm-none-eabi/lib/armv7e-m\libg_n.a(lib_a-wsetup.o)
 .debug_frame   0x00001768       0x68 c:/program files (x86)/embitz/1.11/share/em_armgcc/bin/../lib/gcc/arm-none-eabi/5.4.1/../../../../arm-none-eabi/lib/armv7e-m\libg_n.a(lib_a-fflush.o)
 .debug_frame   0x000017d0      0x11c c:/program files (x86)/embitz/1.11/share/em_armgcc/bin/../lib/gcc/arm-none-eabi/5.4.1/../../../../arm-none-eabi/lib/armv7e-m\libg_n.a(lib_a-findfp.o)
 .debug_frame   0x000018ec       0x54 c:/program files (x86)/embitz/1.11/share/em_armgcc/bin/../lib/gcc/arm-none-eabi/5.4.1/../../../../arm-none-eabi/lib/armv7e-m\libg_n.a(lib_a-fwalk.o)
 .debug_frame   0x00001940       0x54 c:/program files (x86)/embitz/1.11/share/em_armgcc/bin/../lib/gcc/arm-none-eabi/5.4.1/../../../../arm-none-eabi/lib/armv7e-m\libg_n.a(lib_a-makebuf.o)
 .debug_frame   0x00001994       0x30 c:/program files (x86)/embitz/1.11/share/em_armgcc/bin/../lib/gcc/arm-none-eabi/5.4.1/../../../../arm-none-eabi/lib/armv7e-m\libg_n.a(lib_a-malloc.o)
 .debug_frame   0x000019c4       0x30 c:/program files (x86)/embitz/1.11/share/em_armgcc/bin/../lib/gcc/arm-none-eabi/5.4.1/../../../../arm-none-eabi/lib/armv7e-m\libg_n.a(lib_a-mlock.o)
 .debug_frame   0x000019f4       0x38 c:/program files (x86)/embitz/1.11/share/em_armgcc/bin/../lib/gcc/arm-none-eabi/5.4.1/../../../../arm-none-eabi/lib/armv7e-m\libg_n.a(lib_a-nano-freer.o)
 .debug_frame   0x00001a2c       0x90 c:/program files (x86)/embitz/1.11/share/em_armgcc/bin/../lib/gcc/arm-none-eabi/5.4.1/../../../../arm-none-eabi/lib/armv7e-m\libg_n.a(lib_a-nano-svfprintf.o)
 .debug_frame   0x00001abc       0xac c:/program files (x86)/embitz/1.11/share/em_armgcc/bin/../lib/gcc/arm-none-eabi/5.4.1/../../../../arm-none-eabi/lib/armv7e-m\libg_n.a(lib_a-nano-vfprintf.o)
 .debug_frame   0x00001b68       0x60 c:/program files (x86)/embitz/1.11/share/em_armgcc/bin/../lib/gcc/arm-none-eabi/5.4.1/../../../../arm-none-eabi/lib/armv7e-m\libg_n.a(lib_a-nano-vfprintf_i.o)
 .debug_frame   0x00001bc8       0x5c c:/program files (x86)/embitz/1.11/share/em_armgcc/bin/../lib/gcc/arm-none-eabi/5.4.1/../../../../arm-none-eabi/lib/armv7e-m\libg_n.a(lib_a-reent.o)
 .debug_frame   0x00001c24       0x88 c:/program files (x86)/embitz/1.11/share/em_armgcc/bin/../lib/gcc/arm-none-eabi/5.4.1/../../../../arm-none-eabi/lib/armv7e-m\libg_n.a(lib_a-stdio.o)
 .debug_frame   0x00001cac       0x2c c:/program files (x86)/embitz/1.11/share/em_armgcc/bin/../lib/gcc/arm-none-eabi/5.4.1/../../../../arm-none-eabi/lib/armv7e-m\libg_n.a(lib_a-closer.o)
 .debug_frame   0x00001cd8       0x2c c:/program files (x86)/embitz/1.11/share/em_armgcc/bin/../lib/gcc/arm-none-eabi/5.4.1/../../../../arm-none-eabi/lib/armv7e-m\libg_n.a(lib_a-fstatr.o)
 .debug_frame   0x00001d04       0x2c c:/program files (x86)/embitz/1.11/share/em_armgcc/bin/../lib/gcc/arm-none-eabi/5.4.1/../../../../arm-none-eabi/lib/armv7e-m\libg_n.a(lib_a-isattyr.o)
 .debug_frame   0x00001d30       0x2c c:/program files (x86)/embitz/1.11/share/em_armgcc/bin/../lib/gcc/arm-none-eabi/5.4.1/../../../../arm-none-eabi/lib/armv7e-m\libg_n.a(lib_a-lseekr.o)
 .debug_frame   0x00001d5c       0x28 c:/program files (x86)/embitz/1.11/share/em_armgcc/bin/../lib/gcc/arm-none-eabi/5.4.1/../../../../arm-none-eabi/lib/armv7e-m\libg_n.a(lib_a-memcpy-stub.o)
 .debug_frame   0x00001d84       0x28 c:/program files (x86)/embitz/1.11/share/em_armgcc/bin/../lib/gcc/arm-none-eabi/5.4.1/../../../../arm-none-eabi/lib/armv7e-m\libg_n.a(lib_a-memmove.o)
 .debug_frame   0x00001dac       0x3c c:/program files (x86)/embitz/1.11/share/em_armgcc/bin/../lib/gcc/arm-none-eabi/5.4.1/../../../../arm-none-eabi/lib/armv7e-m\libg_n.a(lib_a-nano-reallocr.o)
 .debug_frame   0x00001de8       0x2c c:/program files (x86)/embitz/1.11/share/em_armgcc/bin/../lib/gcc/arm-none-eabi/5.4.1/../../../../arm-none-eabi/lib/armv7e-m\libg_n.a(lib_a-readr.o)
 .debug_frame   0x00001e14       0x20 c:/program files (x86)/embitz/1.11/share/em_armgcc/bin/../lib/gcc/arm-none-eabi/5.4.1/../../../../arm-none-eabi/lib/armv7e-m\libg_n.a(lib_a-nano-msizer.o)
 .debug_frame   0x00001e34       0x20 c:/program files (x86)/embitz/1.11/share/em_armgcc/bin/../lib/gcc/arm-none-eabi/5.4.1/../../../../arm-none-eabi/lib/armv7e-m\libnosys_s.a(close.o)
 .debug_frame   0x00001e54       0x20 c:/program files (x86)/embitz/1.11/share/em_armgcc/bin/../lib/gcc/arm-none-eabi/5.4.1/../../../../arm-none-eabi/lib/armv7e-m\libnosys_s.a(fstat.o)
 .debug_frame   0x00001e74       0x20 c:/program files (x86)/embitz/1.11/share/em_armgcc/bin/../lib/gcc/arm-none-eabi/5.4.1/../../../../arm-none-eabi/lib/armv7e-m\libnosys_s.a(isatty.o)
 .debug_frame   0x00001e94       0x20 c:/program files (x86)/embitz/1.11/share/em_armgcc/bin/../lib/gcc/arm-none-eabi/5.4.1/../../../../arm-none-eabi/lib/armv7e-m\libnosys_s.a(lseek.o)
 .debug_frame   0x00001eb4       0x20 c:/program files (x86)/embitz/1.11/share/em_armgcc/bin/../lib/gcc/arm-none-eabi/5.4.1/../../../../arm-none-eabi/lib/armv7e-m\libnosys_s.a(read.o)
 .debug_frame   0x00001ed4       0x20 c:/program files (x86)/embitz/1.11/share/em_armgcc/bin/../lib/gcc/arm-none-eabi/5.4.1/../../../../arm-none-eabi/lib/armv7e-m\libnosys_s.a(sbrk.o)
 .debug_frame   0x00001ef4       0x20 c:/program files (x86)/embitz/1.11/share/em_armgcc/bin/../lib/gcc/arm-none-eabi/5.4.1/../../../../arm-none-eabi/lib/armv7e-m\libnosys_s.a(_exit.o)

.stab           0x00000000       0x84
 .stab          0x00000000       0x24 c:/program files (x86)/embitz/1.11/share/em_armgcc/bin/../lib/gcc/arm-none-eabi/5.4.1/../../../../arm-none-eabi/lib/armv7e-m\libnosys_s.a(close.o)
 .stab          0x00000024       0x18 c:/program files (x86)/embitz/1.11/share/em_armgcc/bin/../lib/gcc/arm-none-eabi/5.4.1/../../../../arm-none-eabi/lib/armv7e-m\libnosys_s.a(fstat.o)
                                 0x24 (size before relaxing)
 .stab          0x0000003c       0x18 c:/program files (x86)/embitz/1.11/share/em_armgcc/bin/../lib/gcc/arm-none-eabi/5.4.1/../../../../arm-none-eabi/lib/armv7e-m\libnosys_s.a(isatty.o)
                                 0x24 (size before relaxing)
 .stab          0x00000054       0x18 c:/program files (x86)/embitz/1.11/share/em_armgcc/bin/../lib/gcc/arm-none-eabi/5.4.1/../../../../arm-none-eabi/lib/armv7e-m\libnosys_s.a(lseek.o)
                                 0x24 (size before relaxing)
 .stab          0x0000006c       0x18 c:/program files (x86)/embitz/1.11/share/em_armgcc/bin/../lib/gcc/arm-none-eabi/5.4.1/../../../../arm-none-eabi/lib/armv7e-m\libnosys_s.a(read.o)
                                 0x24 (size before relaxing)

.stabstr        0x00000000      0x117
 .stabstr       0x00000000      0x117 c:/program files (x86)/embitz/1.11/share/em_armgcc/bin/../lib/gcc/arm-none-eabi/5.4.1/../../../../arm-none-eabi/lib/armv7e-m\libnosys_s.a(close.o)
