Archive member included to satisfy reference by file (symbol)

c:/program files (x86)/embitz/1.11/share/em_armgcc/bin/../lib/gcc/arm-none-eabi/5.4.1/../../../../arm-none-eabi/lib/armv7e-m\libg_n.a(lib_a-calloc.o)
                              obj\debug\src\serialread.o (calloc)
c:/program files (x86)/embitz/1.11/share/em_armgcc/bin/../lib/gcc/arm-none-eabi/5.4.1/../../../../arm-none-eabi/lib/armv7e-m\libg_n.a(lib_a-exit.o)
                              c:/program files (x86)/embitz/1.11/share/em_armgcc/bin/../lib/gcc/arm-none-eabi/5.4.1/../../../../arm-none-eabi/lib/armv7e-m/crt0.o (exit)
c:/program files (x86)/embitz/1.11/share/em_armgcc/bin/../lib/gcc/arm-none-eabi/5.4.1/../../../../arm-none-eabi/lib/armv7e-m\libg_n.a(lib_a-impure.o)
                              c:/program files (x86)/embitz/1.11/share/em_armgcc/bin/../lib/gcc/arm-none-eabi/5.4.1/../../../../arm-none-eabi/lib/armv7e-m\libg_n.a(lib_a-exit.o) (_global_impure_ptr)
c:/program files (x86)/embitz/1.11/share/em_armgcc/bin/../lib/gcc/arm-none-eabi/5.4.1/../../../../arm-none-eabi/lib/armv7e-m\libg_n.a(lib_a-init.o)
                              c:/program files (x86)/embitz/1.11/share/em_armgcc/bin/../lib/gcc/arm-none-eabi/5.4.1/../../../../arm-none-eabi/lib/armv7e-m/crt0.o (__libc_init_array)
c:/program files (x86)/embitz/1.11/share/em_armgcc/bin/../lib/gcc/arm-none-eabi/5.4.1/../../../../arm-none-eabi/lib/armv7e-m\libg_n.a(lib_a-memset.o)
                              c:/program files (x86)/embitz/1.11/share/em_armgcc/bin/../lib/gcc/arm-none-eabi/5.4.1/../../../../arm-none-eabi/lib/armv7e-m/crt0.o (memset)
c:/program files (x86)/embitz/1.11/share/em_armgcc/bin/../lib/gcc/arm-none-eabi/5.4.1/../../../../arm-none-eabi/lib/armv7e-m\libg_n.a(lib_a-nano-callocr.o)
                              c:/program files (x86)/embitz/1.11/share/em_armgcc/bin/../lib/gcc/arm-none-eabi/5.4.1/../../../../arm-none-eabi/lib/armv7e-m\libg_n.a(lib_a-calloc.o) (_calloc_r)
c:/program files (x86)/embitz/1.11/share/em_armgcc/bin/../lib/gcc/arm-none-eabi/5.4.1/../../../../arm-none-eabi/lib/armv7e-m\libg_n.a(lib_a-nano-mallocr.o)
                              c:/program files (x86)/embitz/1.11/share/em_armgcc/bin/../lib/gcc/arm-none-eabi/5.4.1/../../../../arm-none-eabi/lib/armv7e-m\libg_n.a(lib_a-nano-callocr.o) (_malloc_r)
c:/program files (x86)/embitz/1.11/share/em_armgcc/bin/../lib/gcc/arm-none-eabi/5.4.1/../../../../arm-none-eabi/lib/armv7e-m\libg_n.a(lib_a-printf.o)
                              obj\debug\src\ansi.o (printf)
c:/program files (x86)/embitz/1.11/share/em_armgcc/bin/../lib/gcc/arm-none-eabi/5.4.1/../../../../arm-none-eabi/lib/armv7e-m\libg_n.a(lib_a-putchar.o)
                              obj\debug\src\ansi.o (putchar)
c:/program files (x86)/embitz/1.11/share/em_armgcc/bin/../lib/gcc/arm-none-eabi/5.4.1/../../../../arm-none-eabi/lib/armv7e-m\libg_n.a(lib_a-puts.o)
                              obj\debug\src\mbed.o (puts)
c:/program files (x86)/embitz/1.11/share/em_armgcc/bin/../lib/gcc/arm-none-eabi/5.4.1/../../../../arm-none-eabi/lib/armv7e-m\libg_n.a(lib_a-sbrkr.o)
                              c:/program files (x86)/embitz/1.11/share/em_armgcc/bin/../lib/gcc/arm-none-eabi/5.4.1/../../../../arm-none-eabi/lib/armv7e-m\libg_n.a(lib_a-nano-mallocr.o) (_sbrk_r)
c:/program files (x86)/embitz/1.11/share/em_armgcc/bin/../lib/gcc/arm-none-eabi/5.4.1/../../../../arm-none-eabi/lib/armv7e-m\libg_n.a(lib_a-setbuf.o)
                              obj\debug\src\30010_io.o (setbuf)
c:/program files (x86)/embitz/1.11/share/em_armgcc/bin/../lib/gcc/arm-none-eabi/5.4.1/../../../../arm-none-eabi/lib/armv7e-m\libg_n.a(lib_a-setvbuf.o)
                              c:/program files (x86)/embitz/1.11/share/em_armgcc/bin/../lib/gcc/arm-none-eabi/5.4.1/../../../../arm-none-eabi/lib/armv7e-m\libg_n.a(lib_a-setbuf.o) (setvbuf)
c:/program files (x86)/embitz/1.11/share/em_armgcc/bin/../lib/gcc/arm-none-eabi/5.4.1/../../../../arm-none-eabi/lib/armv7e-m\libg_n.a(lib_a-sprintf.o)
                              obj\debug\src\mbed.o (sprintf)
c:/program files (x86)/embitz/1.11/share/em_armgcc/bin/../lib/gcc/arm-none-eabi/5.4.1/../../../../arm-none-eabi/lib/armv7e-m\libg_n.a(lib_a-strlen.o)
                              obj\debug\src\ansi.o (strlen)
c:/program files (x86)/embitz/1.11/share/em_armgcc/bin/../lib/gcc/arm-none-eabi/5.4.1/../../../../arm-none-eabi/lib/armv7e-m\libg_n.a(lib_a-wbuf.o)
                              c:/program files (x86)/embitz/1.11/share/em_armgcc/bin/../lib/gcc/arm-none-eabi/5.4.1/../../../../arm-none-eabi/lib/armv7e-m\libg_n.a(lib_a-puts.o) (__swbuf_r)
c:/program files (x86)/embitz/1.11/share/em_armgcc/bin/../lib/gcc/arm-none-eabi/5.4.1/../../../../arm-none-eabi/lib/armv7e-m\libg_n.a(lib_a-wsetup.o)
                              c:/program files (x86)/embitz/1.11/share/em_armgcc/bin/../lib/gcc/arm-none-eabi/5.4.1/../../../../arm-none-eabi/lib/armv7e-m\libg_n.a(lib_a-puts.o) (__swsetup_r)
[...]
Memory Configuration

Name             Origin             Length             Attributes
ROM              0x08000000         0x00010000         xr
RAM              0x20000000         0x00004000         xrw
*default*        0x00000000         0xffffffff

Linker script and memory map

LOAD c:/program files (x86)/embitz/1.11/share/em_armgcc/bin/../lib/gcc/arm-none-eabi/5.4.1/armv7e-m/crti.o
LOAD c:/program files (x86)/embitz/1.11/share/em_armgcc/bin/../lib/gcc/arm-none-eabi/5.4.1/armv7e-m/crtbegin.o
LOAD c:/program files (x86)/embitz/1.11/share/em_armgcc/bin/../lib/gcc/arm-none-eabi/5.4.1/../../../../arm-none-eabi/lib/armv7e-m/crt0.o
                0x00000000                __HEAP_SIZE = 0x0
                0x00000100                __STACK_SIZE = 0x100

.text           0x08000000     0x246c
 *(.isr_vector)
 .isr_vector    0x08000000      0x188 obj\debug\src\startup_stm32f30x.o
                0x08000000                __isr_vector
 *(.text*)
 .text          0x08000188       0x5c c:/program files (x86)/embitz/1.11/share/em_armgcc/bin/../lib/gcc/arm-none-eabi/5.4.1/armv7e-m/crtbegin.o
 .text          0x080001e4       0x74 c:/program files (x86)/embitz/1.11/share/em_armgcc/bin/../lib/gcc/arm-none-eabi/5.4.1/../../../../arm-none-eabi/lib/armv7e-m/crt0.o
                0x080001e4                _start
                0x080001e4                _mainCRTStartup
 .text.RCC_GetClocksFreq
                0x08000258      0x414 obj\debug\spl\src\stm32f30x_rcc.o
                0x08000258                RCC_GetClocksFreq
 .text.USART_SendData
                0x0800066c       0x24 obj\debug\spl\src\stm32f30x_usart.o
                0x0800066c                USART_SendData
 .text.USART_ITConfig
                0x08000690       0x80 obj\debug\spl\src\stm32f30x_usart.o
                0x08000690                USART_ITConfig
 .text.USART_GetFlagStatus
                0x08000710       0x30 obj\debug\spl\src\stm32f30x_usart.o
                0x08000710                USART_GetFlagStatus
 .text.USART_GetITStatus
                0x08000740       0x9c obj\debug\spl\src\stm32f30x_usart.o
                0x08000740                USART_GetITStatus
 .text.NVIC_EnableIRQ
                0x080007dc       0x30 obj\debug\src\30010_io.o
 .text.uart_get_char
                0x0800080c       0x50 obj\debug\src\30010_io.o
                0x0800080c                uart_get_char
 .text.uart_put_char
                0x0800085c       0x34 obj\debug\src\30010_io.o
                0x0800085c                uart_put_char
 .text._write_r
                0x08000890       0x4c obj\debug\src\30010_io.o
                0x08000890                _write_r
 .text.USART2_IRQHandler
                0x080008dc       0x74 obj\debug\src\30010_io.o
                0x080008dc                USART2_IRQHandler
 .text.uart_init
                0x08000950      0x234 obj\debug\src\30010_io.o
                0x08000950                uart_init
 .text.clrscr   0x08000b84       0x14 obj\debug\src\ansi.o
                0x08000b84                clrscr
 .text.gotoxy   0x08000b98       0x24 obj\debug\src\ansi.o
                0x08000b98                gotoxy
 .text.deleteSymbol
                0x08000bbc       0x20 obj\debug\src\ansi.o
                0x08000bbc                deleteSymbol
 .text.drawSymbol
                0x08000bdc       0x28 obj\debug\src\ansi.o
                0x08000bdc                drawSymbol
 .text.color    0x08000c04       0x48 obj\debug\src\ansi.o
                0x08000c04                color
 .text.drawLandscape
                0x08000c4c       0x30 obj\debug\src\landscape.o
                0x08000c4c                drawLandscape
 .text.inBounds
                0x08000c7c       0x44 obj\debug\src\landscape.o
                0x08000c7c                inBounds
 .text.main     0x08000cc0       0x58 obj\debug\src\main.o
                0x08000cc0                main
 .text.TIM2_IRQHandler
                0x08000d18       0x38 obj\debug\src\mbed.o
                0x08000d18                TIM2_IRQHandler
 .text.setup_pot
                0x08000d50      0x11c obj\debug\src\mbed.o
                0x08000d50                setup_pot
 .text.initSpaceShip
                0x08000e6c       0x2c obj\debug\src\spaceship.o
                0x08000e6c                initSpaceShip
 .text.updateSpaceShip
                0x08000e98       0x9c obj\debug\src\spaceship.o
                0x08000e98                updateSpaceShip
 .text.drill    0x08000f34       0x8c obj\debug\src\spaceship.o
                0x08000f34                drill
 .text          0x08000fc0       0xe4 obj\debug\src\startup_stm32f30x.o
                0x08000fc0                Reset_Handler
                0x08001006                NMI_Handler
                0x08001008                HardFault_Handler
                0x0800100a                MemManage_Handler
                0x0800100c                BusFault_Handler
                0x0800100e                UsageFault_Handler
                0x08001010                SVC_Handler
                0x08001012                DebugMon_Handler
                0x08001014                PendSV_Handler
                0x08001016                SysTick_Handler
                0x08001018                WWDG_IRQHandler
                0x0800101a                PVD_IRQHandler
                0x0800101c                TAMPER_STAMP_IRQHandler
                0x0800101e                RTC_WKUP_IRQHandler
                0x08001020                FLASH_IRQHandler
                0x08001022                RCC_IRQHandler
                0x08001024                EXTI0_IRQHandler
                0x08001026                EXTI1_IRQHandler
                0x08001028                EXTI2_TS_IRQHandler
                0x0800102a                EXTI3_IRQHandler
                0x0800102c                EXTI4_IRQHandler
                0x0800102e                DMA1_Channel1_IRQHandler
                0x08001030                DMA1_Channel2_IRQHandler
                0x08001032                DMA1_Channel3_IRQHandler
                0x08001034                DMA1_Channel4_IRQHandler
                0x08001036                DMA1_Channel5_IRQHandler
                0x08001038                DMA1_Channel6_IRQHandler
                0x0800103a                DMA1_Channel7_IRQHandler
                0x0800103c                ADC1_2_IRQHandler
                0x0800103e                USB_HP_CAN1_TX_IRQHandler
                0x08001040                USB_LP_CAN1_RX0_IRQHandler
                0x08001042                CAN1_RX1_IRQHandler
                0x08001044                CAN1_SCE_IRQHandler
                0x08001046                EXTI9_5_IRQHandler
                0x08001048                TIM1_BRK_TIM15_IRQHandler
                0x0800104a                TIM1_UP_TIM16_IRQHandler
                0x0800104c                TIM1_TRG_COM_TIM17_IRQHandler
                0x0800104e                TIM1_CC_IRQHandler
                0x08001052                TIM3_IRQHandler
                0x08001054                TIM4_IRQHandler
                0x08001056                I2C1_EV_IRQHandler
                0x08001058                I2C1_ER_IRQHandler
                0x0800105a                I2C2_EV_IRQHandler
                0x0800105c                I2C2_ER_IRQHandler
                0x0800105e                SPI1_IRQHandler
                0x08001060                SPI2_IRQHandler
                0x08001062                USART1_IRQHandler
                0x08001066                USART3_IRQHandler
                0x08001068                EXTI15_10_IRQHandler
                0x0800106a                RTC_Alarm_IRQHandler
                0x0800106c                USBWakeUp_IRQHandler
                0x0800106e                TIM8_BRK_IRQHandler
                0x08001070                TIM8_UP_IRQHandler
                0x08001072                TIM8_TRG_COM_IRQHandler
                0x08001074                TIM8_CC_IRQHandler
                0x08001076                ADC3_IRQHandler
                0x08001078                SPI3_IRQHandler
                0x0800107a                UART4_IRQHandler
                0x0800107c                UART5_IRQHandler
                0x0800107e                TIM6_DAC_IRQHandler
                0x08001080                TIM7_IRQHandler
                0x08001082                DMA2_Channel1_IRQHandler
                0x08001084                DMA2_Channel2_IRQHandler
                0x08001086                DMA2_Channel3_IRQHandler
                0x08001088                DMA2_Channel4_IRQHandler
                0x0800108a                DMA2_Channel5_IRQHandler
                0x0800108c                ADC4_IRQHandler
                0x0800108e                COMP1_2_3_IRQHandler
                0x08001090                COMP4_5_6_IRQHandler
                0x08001092                COMP7_IRQHandler
                0x08001094                USB_HP_IRQHandler
                0x08001096                USB_LP_IRQHandler
                0x08001098                USBWakeUp_RMP_IRQHandler
                0x0800109a                FPU_IRQHandler
 .text.SystemInit
                0x080010a4       0x84 obj\debug\src\system_stm32f30x.o
                0x080010a4                SystemInit
 .text.SetSysClock
                0x08001128       0x90 obj\debug\src\system_stm32f30x.o
 .text.exit     0x080011b8       0x28 c:/program files (x86)/embitz/1.11/share/em_armgcc/bin/../lib/gcc/arm-none-eabi/5.4.1/../../../../arm-none-eabi/lib/armv7e-m\libg_n.a(lib_a-exit.o)
                0x080011b8                exit
 .text.__libc_init_array
                0x080011e0       0x4c c:/program files (x86)/embitz/1.11/share/em_armgcc/bin/../lib/gcc/arm-none-eabi/5.4.1/../../../../arm-none-eabi/lib/armv7e-m\libg_n.a(lib_a-init.o)
                0x080011e0                __libc_init_array
 .text.memset   0x0800122c       0x10 c:/program files (x86)/embitz/1.11/share/em_armgcc/bin/../lib/gcc/arm-none-eabi/5.4.1/../../../../arm-none-eabi/lib/armv7e-m\libg_n.a(lib_a-memset.o)
                0x0800122c                memset
 .text._malloc_r
                0x0800123c       0xbc c:/program files (x86)/embitz/1.11/share/em_armgcc/bin/../lib/gcc/arm-none-eabi/5.4.1/../../../../arm-none-eabi/lib/armv7e-m\libg_n.a(lib_a-nano-mallocr.o)
                0x0800123c                _malloc_r
 .text.printf   0x080012f8       0x30 c:/program files (x86)/embitz/1.11/share/em_armgcc/bin/../lib/gcc/arm-none-eabi/5.4.1/../../../../arm-none-eabi/lib/armv7e-m\libg_n.a(lib_a-printf.o)
                0x080012f8                iprintf
                0x080012f8                printf
 .text.putchar  0x08001328       0x28 c:/program files (x86)/embitz/1.11/share/em_armgcc/bin/../lib/gcc/arm-none-eabi/5.4.1/../../../../arm-none-eabi/lib/armv7e-m\libg_n.a(lib_a-putchar.o)
                0x08001328                putchar
 .text._sbrk_r  0x08001350       0x20 c:/program files (x86)/embitz/1.11/share/em_armgcc/bin/../lib/gcc/arm-none-eabi/5.4.1/../../../../arm-none-eabi/lib/armv7e-m\libg_n.a(lib_a-sbrkr.o)
                0x08001350                _sbrk_r
 .text.setbuf   0x08001370       0x10 c:/program files (x86)/embitz/1.11/share/em_armgcc/bin/../lib/gcc/arm-none-eabi/5.4.1/../../../../arm-none-eabi/lib/armv7e-m\libg_n.a(lib_a-setbuf.o)
                0x08001370                setbuf
 .text.setvbuf  0x08001380      0x154 c:/program files (x86)/embitz/1.11/share/em_armgcc/bin/../lib/gcc/arm-none-eabi/5.4.1/../../../../arm-none-eabi/lib/armv7e-m\libg_n.a(lib_a-setvbuf.o)
                0x08001380                setvbuf
 .text.__swbuf_r
                0x080014d4       0xa8 c:/program files (x86)/embitz/1.11/share/em_armgcc/bin/../lib/gcc/arm-none-eabi/5.4.1/../../../../arm-none-eabi/lib/armv7e-m\libg_n.a(lib_a-wbuf.o)
                0x080014d4                __swbuf_r
 .text.__swsetup_r
                0x0800157c       0xdc c:/program files (x86)/embitz/1.11/share/em_armgcc/bin/../lib/gcc/arm-none-eabi/5.4.1/../../../../arm-none-eabi/lib/armv7e-m\libg_n.a(lib_a-wsetup.o)
                0x0800157c                __swsetup_r
 .text.__sflush_r
                0x08001658      0x110 c:/program files (x86)/embitz/1.11/share/em_armgcc/bin/../lib/gcc/arm-none-eabi/5.4.1/../../../../arm-none-eabi/lib/armv7e-m\libg_n.a(lib_a-fflush.o)
                0x08001658                __sflush_r
 .text._fflush_r
                0x08001768       0x54 c:/program files (x86)/embitz/1.11/share/em_armgcc/bin/../lib/gcc/arm-none-eabi/5.4.1/../../../../arm-none-eabi/lib/armv7e-m\libg_n.a(lib_a-fflush.o)
                0x08001768                _fflush_r
 .text._cleanup_r
                0x080017bc        0xc c:/program files (x86)/embitz/1.11/share/em_armgcc/bin/../lib/gcc/arm-none-eabi/5.4.1/../../../../arm-none-eabi/lib/armv7e-m\libg_n.a(lib_a-findfp.o)
                0x080017bc                _cleanup_r
 .text.std.isra.0
                0x080017c8       0x48 c:/program files (x86)/embitz/1.11/share/em_armgcc/bin/../lib/gcc/arm-none-eabi/5.4.1/../../../../arm-none-eabi/lib/armv7e-m\libg_n.a(lib_a-findfp.o)
 .text.__sfmoreglue
                0x08001810       0x2c c:/program files (x86)/embitz/1.11/share/em_armgcc/bin/../lib/gcc/arm-none-eabi/5.4.1/../../../../arm-none-eabi/lib/armv7e-m\libg_n.a(lib_a-findfp.o)
                0x08001810                __sfmoreglue
 .text.__sinit  0x0800183c       0x60 c:/program files (x86)/embitz/1.11/share/em_armgcc/bin/../lib/gcc/arm-none-eabi/5.4.1/../../../../arm-none-eabi/lib/armv7e-m\libg_n.a(lib_a-findfp.o)
                0x0800183c                __sinit
 .text.__sfp    0x0800189c       0x78 c:/program files (x86)/embitz/1.11/share/em_armgcc/bin/../lib/gcc/arm-none-eabi/5.4.1/../../../../arm-none-eabi/lib/armv7e-m\libg_n.a(lib_a-findfp.o)
                0x0800189c                __sfp
 .text._fwalk_reent
                0x08001914       0x3c c:/program files (x86)/embitz/1.11/share/em_armgcc/bin/../lib/gcc/arm-none-eabi/5.4.1/../../../../arm-none-eabi/lib/armv7e-m\libg_n.a(lib_a-fwalk.o)
                0x08001914                _fwalk_reent
 .text.__swhatbuf_r
                0x08001950       0x46 c:/program files (x86)/embitz/1.11/share/em_armgcc/bin/../lib/gcc/arm-none-eabi/5.4.1/../../../../arm-none-eabi/lib/armv7e-m\libg_n.a(lib_a-makebuf.o)
                0x08001950                __swhatbuf_r
 *fill*         0x08001996        0x2 
 .text.__smakebuf_r
                0x08001998       0x78 c:/program files (x86)/embitz/1.11/share/em_armgcc/bin/../lib/gcc/arm-none-eabi/5.4.1/../../../../arm-none-eabi/lib/armv7e-m\libg_n.a(lib_a-makebuf.o)
                0x08001998                __smakebuf_r
 .text.malloc   0x08001a10       0x10 c:/program files (x86)/embitz/1.11/share/em_armgcc/bin/../lib/gcc/arm-none-eabi/5.4.1/../../../../arm-none-eabi/lib/armv7e-m\libg_n.a(lib_a-malloc.o)
                0x08001a10                malloc
 .text.__malloc_lock
                0x08001a20        0x2 c:/program files (x86)/embitz/1.11/share/em_armgcc/bin/../lib/gcc/arm-none-eabi/5.4.1/../../../../arm-none-eabi/lib/armv7e-m\libg_n.a(lib_a-mlock.o)
                0x08001a20                __malloc_lock
 .text.__malloc_unlock
                0x08001a22        0x2 c:/program files (x86)/embitz/1.11/share/em_armgcc/bin/../lib/gcc/arm-none-eabi/5.4.1/../../../../arm-none-eabi/lib/armv7e-m\libg_n.a(lib_a-mlock.o)
                0x08001a22                __malloc_unlock
 .text._free_r  0x08001a24       0x9c c:/program files (x86)/embitz/1.11/share/em_armgcc/bin/../lib/gcc/arm-none-eabi/5.4.1/../../../../arm-none-eabi/lib/armv7e-m\libg_n.a(lib_a-nano-freer.o)
                0x08001a24                _free_r
 .text.__sfputc_r
                0x08001ac0       0x2c c:/program files (x86)/embitz/1.11/share/em_armgcc/bin/../lib/gcc/arm-none-eabi/5.4.1/../../../../arm-none-eabi/lib/armv7e-m\libg_n.a(lib_a-nano-vfprintf.o)
 .text.__sfputs_r
                0x08001aec       0x24 c:/program files (x86)/embitz/1.11/share/em_armgcc/bin/../lib/gcc/arm-none-eabi/5.4.1/../../../../arm-none-eabi/lib/armv7e-m\libg_n.a(lib_a-nano-vfprintf.o)
                0x08001aec                __sfputs_r
 .text._vfprintf_r
                0x08001b10      0x238 c:/program files (x86)/embitz/1.11/share/em_armgcc/bin/../lib/gcc/arm-none-eabi/5.4.1/../../../../arm-none-eabi/lib/armv7e-m\libg_n.a(lib_a-nano-vfprintf.o)
                0x08001b10                _vfprintf_r
                0x08001b10                _vfiprintf_r
 .text._printf_common
                0x08001d48       0xec c:/program files (x86)/embitz/1.11/share/em_armgcc/bin/../lib/gcc/arm-none-eabi/5.4.1/../../../../arm-none-eabi/lib/armv7e-m\libg_n.a(lib_a-nano-vfprintf_i.o)
                0x08001d48                _printf_common
 .text._printf_i
                0x08001e34      0x24c c:/program files (x86)/embitz/1.11/share/em_armgcc/bin/../lib/gcc/arm-none-eabi/5.4.1/../../../../arm-none-eabi/lib/armv7e-m\libg_n.a(lib_a-nano-vfprintf_i.o)
                0x08001e34                _printf_i
 .text._putc_r  0x08002080       0x6c c:/program files (x86)/embitz/1.11/share/em_armgcc/bin/../lib/gcc/arm-none-eabi/5.4.1/../../../../arm-none-eabi/lib/armv7e-m\libg_n.a(lib_a-putc.o)
                0x08002080                _putc_r
 .text.__sread  0x080020ec       0x22 c:/program files (x86)/embitz/1.11/share/em_armgcc/bin/../lib/gcc/arm-none-eabi/5.4.1/../../../../arm-none-eabi/lib/armv7e-m\libg_n.a(lib_a-stdio.o)
                0x080020ec                __sread
 .text.__swrite
                0x0800210e       0x38 c:/program files (x86)/embitz/1.11/share/em_armgcc/bin/../lib/gcc/arm-none-eabi/5.4.1/../../../../arm-none-eabi/lib/armv7e-m\libg_n.a(lib_a-stdio.o)
                0x0800210e                __swrite
 .text.__sseek  0x08002146       0x24 c:/program files (x86)/embitz/1.11/share/em_armgcc/bin/../lib/gcc/arm-none-eabi/5.4.1/../../../../arm-none-eabi/lib/armv7e-m\libg_n.a(lib_a-stdio.o)
                0x08002146                __sseek
 .text.__sclose
                0x0800216a        0x8 c:/program files (x86)/embitz/1.11/share/em_armgcc/bin/../lib/gcc/arm-none-eabi/5.4.1/../../../../arm-none-eabi/lib/armv7e-m\libg_n.a(lib_a-stdio.o)
                0x0800216a                __sclose
 *fill*         0x08002172        0x2 
 .text._close_r
                0x08002174       0x20 c:/program files (x86)/embitz/1.11/share/em_armgcc/bin/../lib/gcc/arm-none-eabi/5.4.1/../../../../arm-none-eabi/lib/armv7e-m\libg_n.a(lib_a-closer.o)
                0x08002174                _close_r
 .text._fstat_r
                0x08002194       0x24 c:/program files (x86)/embitz/1.11/share/em_armgcc/bin/../lib/gcc/arm-none-eabi/5.4.1/../../../../arm-none-eabi/lib/armv7e-m\libg_n.a(lib_a-fstatr.o)
                0x08002194                _fstat_r
 .text._isatty_r
                0x080021b8       0x20 c:/program files (x86)/embitz/1.11/share/em_armgcc/bin/../lib/gcc/arm-none-eabi/5.4.1/../../../../arm-none-eabi/lib/armv7e-m\libg_n.a(lib_a-isattyr.o)
                0x080021b8                _isatty_r
 .text._lseek_r
                0x080021d8       0x24 c:/program files (x86)/embitz/1.11/share/em_armgcc/bin/../lib/gcc/arm-none-eabi/5.4.1/../../../../arm-none-eabi/lib/armv7e-m\libg_n.a(lib_a-lseekr.o)
                0x080021d8                _lseek_r
 *fill*         0x080021fc        0x4 
 .text          0x08002200       0xa0 c:/program files (x86)/embitz/1.11/share/em_armgcc/bin/../lib/gcc/arm-none-eabi/5.4.1/../../../../arm-none-eabi/lib/armv7e-m\libg_n.a(lib_a-memchr.o)
                0x08002200                memchr
 .text._read_r  0x080022a0       0x24 c:/program files (x86)/embitz/1.11/share/em_armgcc/bin/../lib/gcc/arm-none-eabi/5.4.1/../../../../arm-none-eabi/lib/armv7e-m\libg_n.a(lib_a-readr.o)
                0x080022a0                _read_r
 .text._close   0x080022c4       0x10 c:/program files (x86)/embitz/1.11/share/em_armgcc/bin/../lib/gcc/arm-none-eabi/5.4.1/../../../../arm-none-eabi/lib/armv7e-m\libnosys_s.a(close.o)
                0x080022c4                _close
 .text._fstat   0x080022d4       0x10 c:/program files (x86)/embitz/1.11/share/em_armgcc/bin/../lib/gcc/arm-none-eabi/5.4.1/../../../../arm-none-eabi/lib/armv7e-m\libnosys_s.a(fstat.o)
                0x080022d4                _fstat
 .text._isatty  0x080022e4       0x10 c:/program files (x86)/embitz/1.11/share/em_armgcc/bin/../lib/gcc/arm-none-eabi/5.4.1/../../../../arm-none-eabi/lib/armv7e-m\libnosys_s.a(isatty.o)
                0x080022e4                _isatty
 .text._lseek   0x080022f4       0x10 c:/program files (x86)/embitz/1.11/share/em_armgcc/bin/../lib/gcc/arm-none-eabi/5.4.1/../../../../arm-none-eabi/lib/armv7e-m\libnosys_s.a(lseek.o)
                0x080022f4                _lseek
 .text._read    0x08002304       0x10 c:/program files (x86)/embitz/1.11/share/em_armgcc/bin/../lib/gcc/arm-none-eabi/5.4.1/../../../../arm-none-eabi/lib/armv7e-m\libnosys_s.a(read.o)
                0x08002304                _read
 .text._sbrk    0x08002314       0x1c c:/program files (x86)/embitz/1.11/share/em_armgcc/bin/../lib/gcc/arm-none-eabi/5.4.1/../../../../arm-none-eabi/lib/armv7e-m\libnosys_s.a(sbrk.o)
                0x08002314                _sbrk
 .text._exit    0x08002330        0x2 c:/program files (x86)/embitz/1.11/share/em_armgcc/bin/../lib/gcc/arm-none-eabi/5.4.1/../../../../arm-none-eabi/lib/armv7e-m\libnosys_s.a(_exit.o)
                0x08002330                _exit
 *(.init)
 *fill*         0x08002332        0x2 
 .init          0x08002334        0x4 c:/program files (x86)/embitz/1.11/share/em_armgcc/bin/../lib/gcc/arm-none-eabi/5.4.1/armv7e-m/crti.o
                0x08002334                _init
 .init          0x08002338        0x8 c:/program files (x86)/embitz/1.11/share/em_armgcc/bin/../lib/gcc/arm-none-eabi/5.4.1/armv7e-m/crtn.o
 *(.fini)
 .fini          0x08002340        0x4 c:/program files (x86)/embitz/1.11/share/em_armgcc/bin/../lib/gcc/arm-none-eabi/5.4.1/armv7e-m/crti.o
                0x08002340                _fini
 .fini          0x08002344        0x8 c:/program files (x86)/embitz/1.11/share/em_armgcc/bin/../lib/gcc/arm-none-eabi/5.4.1/armv7e-m/crtn.o
 *crtbegin.o(.ctors)
 *crtbegin?.o(.ctors)
 *(EXCLUDE_FILE(*crtend.o *crtend?.o) .ctors)
 *(SORT(.ctors.*))
 *(.ctors)
 *crtbegin.o(.dtors)
 *crtbegin?.o(.dtors)
 *(EXCLUDE_FILE(*crtend.o *crtend?.o) .dtors)
 *(SORT(.dtors.*))
 *(.dtors)
 *(.rodata*)
 .rodata        0x0800234c       0x81 obj\debug\src\ansi.o
 .rodata.str1.1
                0x080023cd        0x2 c:/program files (x86)/embitz/1.11/share/em_armgcc/bin/../lib/gcc/arm-none-eabi/5.4.1/../../../../arm-none-eabi/lib/armv7e-m\libg_n.a(lib_a-impure.o)
 *fill*         0x080023cf        0x1 
 .rodata._global_impure_ptr
                0x080023d0        0x4 c:/program files (x86)/embitz/1.11/share/em_armgcc/bin/../lib/gcc/arm-none-eabi/5.4.1/../../../../arm-none-eabi/lib/armv7e-m\libg_n.a(lib_a-impure.o)
                0x080023d0                _global_impure_ptr
 .rodata.__sf_fake_stdin
                0x080023d4       0x20 c:/program files (x86)/embitz/1.11/share/em_armgcc/bin/../lib/gcc/arm-none-eabi/5.4.1/../../../../arm-none-eabi/lib/armv7e-m\libg_n.a(lib_a-findfp.o)
                0x080023d4                __sf_fake_stdin
 .rodata.__sf_fake_stdout
                0x080023f4       0x20 c:/program files (x86)/embitz/1.11/share/em_armgcc/bin/../lib/gcc/arm-none-eabi/5.4.1/../../../../arm-none-eabi/lib/armv7e-m\libg_n.a(lib_a-findfp.o)
                0x080023f4                __sf_fake_stdout
 .rodata.__sf_fake_stderr
                0x08002414       0x20 c:/program files (x86)/embitz/1.11/share/em_armgcc/bin/../lib/gcc/arm-none-eabi/5.4.1/../../../../arm-none-eabi/lib/armv7e-m\libg_n.a(lib_a-findfp.o)
                0x08002414                __sf_fake_stderr
 .rodata.str1.1
                0x08002434       0x11 c:/program files (x86)/embitz/1.11/share/em_armgcc/bin/../lib/gcc/arm-none-eabi/5.4.1/../../../../arm-none-eabi/lib/armv7e-m\libg_n.a(lib_a-nano-vfprintf.o)
 .rodata.str1.1
                0x08002445       0x22 c:/program files (x86)/embitz/1.11/share/em_armgcc/bin/../lib/gcc/arm-none-eabi/5.4.1/../../../../arm-none-eabi/lib/armv7e-m\libg_n.a(lib_a-nano-vfprintf_i.o)
 *(.eh_frame*)
 *fill*         0x08002467        0x1 
 .eh_frame      0x08002468        0x0 c:/program files (x86)/embitz/1.11/share/em_armgcc/bin/../lib/gcc/arm-none-eabi/5.4.1/armv7e-m/crtbegin.o
 .eh_frame      0x08002468        0x4 c:/program files (x86)/embitz/1.11/share/em_armgcc/bin/../lib/gcc/arm-none-eabi/5.4.1/armv7e-m/crtend.o

.glue_7         0x0800246c        0x0
 .glue_7        0x0800246c        0x0 linker stubs

.glue_7t        0x0800246c        0x0
 .glue_7t       0x0800246c        0x0 linker stubs

.vfp11_veneer   0x0800246c        0x0
 .vfp11_veneer  0x0800246c        0x0 linker stubs

.v4_bx          0x0800246c        0x0
 .v4_bx         0x0800246c        0x0 linker stubs

.iplt           0x0800246c        0x0
 .iplt          0x0800246c        0x0 c:/program files (x86)/embitz/1.11/share/em_armgcc/bin/../lib/gcc/arm-none-eabi/5.4.1/armv7e-m/crtbegin.o

.ARM.extab
 *(.ARM.extab* .gnu.linkonce.armextab.*)
                0x0800246c                __exidx_start = .

.ARM.exidx      0x0800246c        0x8
 *(.ARM.exidx* .gnu.linkonce.armexidx.*)
 .ARM.exidx     0x0800246c        0x8 c:/program files (x86)/embitz/1.11/share/em_armgcc/bin/../lib/gcc/arm-none-eabi/5.4.1/../../../../arm-none-eabi/lib/armv7e-m/crt0.o
                0x08002474                __exidx_end = .
                0x08002474                __etext = .

.rel.dyn        0x08002474        0x0
 .rel.iplt      0x08002474        0x0 c:/program files (x86)/embitz/1.11/share/em_armgcc/bin/../lib/gcc/arm-none-eabi/5.4.1/armv7e-m/crtbegin.o

.data           0x20000000       0x98 load address 0x08002474
                0x20000000                __data_start__ = .
 *(vtable)
 *(.data*)
 .data.APBAHBPrescTable
                0x20000000       0x10 obj\debug\spl\src\stm32f30x_rcc.o
 .data.ADCPrescTable
                0x20000010       0x1a obj\debug\spl\src\stm32f30x_rcc.o
 *fill*         0x2000002a        0x2 
 .data.impure_data
                0x2000002c       0x60 c:/program files (x86)/embitz/1.11/share/em_armgcc/bin/../lib/gcc/arm-none-eabi/5.4.1/../../../../arm-none-eabi/lib/armv7e-m\libg_n.a(lib_a-impure.o)
 .data._impure_ptr
                0x2000008c        0x4 c:/program files (x86)/embitz/1.11/share/em_armgcc/bin/../lib/gcc/arm-none-eabi/5.4.1/../../../../arm-none-eabi/lib/armv7e-m\libg_n.a(lib_a-impure.o)
                0x2000008c                _impure_ptr
                0x20000090                . = ALIGN (0x4)
                0x20000090                PROVIDE (__preinit_array_start, .)
 *(.preinit_array)
                0x20000090                PROVIDE (__preinit_array_end, .)
                0x20000090                . = ALIGN (0x4)
                0x20000090                PROVIDE (__init_array_start, .)
 *(SORT(.init_array.*))
 *(.init_array)
 .init_array    0x20000090        0x4 c:/program files (x86)/embitz/1.11/share/em_armgcc/bin/../lib/gcc/arm-none-eabi/5.4.1/armv7e-m/crtbegin.o
                0x20000094                PROVIDE (__init_array_end, .)
                0x20000094                . = ALIGN (0x4)
                [!provide]                PROVIDE (__fini_array_start, .)
 *(SORT(.fini_array.*))
 *(.fini_array)
 .fini_array    0x20000094        0x4 c:/program files (x86)/embitz/1.11/share/em_armgcc/bin/../lib/gcc/arm-none-eabi/5.4.1/armv7e-m/crtbegin.o
                [!provide]                PROVIDE (__fini_array_end, .)
                0x20000098                . = ALIGN (0x4)
                0x20000098                __data_end__ = .

.jcr            0x20000098        0x0 load address 0x0800250c
 .jcr           0x20000098        0x0 c:/program files (x86)/embitz/1.11/share/em_armgcc/bin/../lib/gcc/arm-none-eabi/5.4.1/armv7e-m/crtbegin.o

.igot.plt       0x20000098        0x0 load address 0x0800250c
 .igot.plt      0x20000098        0x0 c:/program files (x86)/embitz/1.11/share/em_armgcc/bin/../lib/gcc/arm-none-eabi/5.4.1/armv7e-m/crtbegin.o

.bss            0x20000098      0x138 load address 0x0800250c
                0x20000098                __bss_start__ = .
 *(.bss*)
 .bss           0x20000098       0x1c c:/program files (x86)/embitz/1.11/share/em_armgcc/bin/../lib/gcc/arm-none-eabi/5.4.1/armv7e-m/crtbegin.o
 .bss.UART_BUFFER
                0x200000b4      0x100 obj\debug\src\30010_io.o
                0x200000b4                UART_BUFFER
 .bss.UART_END_IDX
                0x200001b4        0x1 obj\debug\src\30010_io.o
                0x200001b4                UART_END_IDX
 .bss.UART_START_IDX
                0x200001b5        0x1 obj\debug\src\30010_io.o
                0x200001b5                UART_START_IDX
 .bss.UART_COUNT
                0x200001b6        0x1 obj\debug\src\30010_io.o
                0x200001b6                UART_COUNT
 *fill*         0x200001b7        0x1 
 .bss.time      0x200001b8        0x4 obj\debug\src\mbed.o
                0x200001b8                time
 .bss.flag      0x200001bc        0x4 obj\debug\src\mbed.o
                0x200001bc                flag
 .bss.__malloc_sbrk_start
                0x200001c0        0x4 c:/program files (x86)/embitz/1.11/share/em_armgcc/bin/../lib/gcc/arm-none-eabi/5.4.1/../../../../arm-none-eabi/lib/armv7e-m\libg_n.a(lib_a-nano-mallocr.o)
                0x200001c0                __malloc_sbrk_start
 .bss.__malloc_free_list
                0x200001c4        0x4 c:/program files (x86)/embitz/1.11/share/em_armgcc/bin/../lib/gcc/arm-none-eabi/5.4.1/../../../../arm-none-eabi/lib/armv7e-m\libg_n.a(lib_a-nano-mallocr.o)
                0x200001c4                __malloc_free_list
 .bss.heap_end.4167
                0x200001c8        0x4 c:/program files (x86)/embitz/1.11/share/em_armgcc/bin/../lib/gcc/arm-none-eabi/5.4.1/../../../../arm-none-eabi/lib/armv7e-m\libnosys_s.a(sbrk.o)
 *(COMMON)
 COMMON         0x200001cc        0x4 c:/program files (x86)/embitz/1.11/share/em_armgcc/bin/../lib/gcc/arm-none-eabi/5.4.1/../../../../arm-none-eabi/lib/armv7e-m\libg_n.a(lib_a-reent.o)
                0x200001cc                errno
                0x200001d0                __bss_end__ = .

.heap           0x200001d0        0x0
                0x200001d0                __end__ = .
                0x200001d0                end = __end__
 *(.heap*)
 .heap          0x200001d0        0x0 obj\debug\src\startup_stm32f30x.o
                0x200001d0                __HeapLimit = .

.stack_dummy    0x200001d0      0x100
 *(.stack)
 .stack         0x200001d0      0x100 obj\debug\src\startup_stm32f30x.o
                0x20004000                __StackTop = (ORIGIN (RAM) + LENGTH (RAM))
                0x20003f00                __StackLimit = (__StackTop - SIZEOF (.stack_dummy))
                0x20004000                PROVIDE (__stack, __StackTop)
                0x00000001                ASSERT ((__StackLimit >= __HeapLimit), region RAM overflowed with stack)
LOAD obj\debug\spl\src\stm32f30x_adc.o
LOAD obj\debug\spl\src\stm32f30x_can.o
LOAD obj\debug\spl\src\stm32f30x_comp.o
LOAD obj\debug\spl\src\stm32f30x_crc.o
LOAD obj\debug\spl\src\stm32f30x_dac.o
LOAD obj\debug\spl\src\stm32f30x_dbgmcu.o
LOAD obj\debug\spl\src\stm32f30x_dma.o
LOAD obj\debug\spl\src\stm32f30x_exti.o
LOAD obj\debug\spl\src\stm32f30x_flash.o
LOAD obj\debug\spl\src\stm32f30x_gpio.o
LOAD obj\debug\spl\src\stm32f30x_i2c.o
LOAD obj\debug\spl\src\stm32f30x_iwdg.o
LOAD obj\debug\spl\src\stm32f30x_misc.o
LOAD obj\debug\spl\src\stm32f30x_opamp.o
LOAD obj\debug\spl\src\stm32f30x_pwr.o
LOAD obj\debug\spl\src\stm32f30x_rcc.o
LOAD obj\debug\spl\src\stm32f30x_rtc.o
LOAD obj\debug\spl\src\stm32f30x_spi.o
LOAD obj\debug\spl\src\stm32f30x_syscfg.o
LOAD obj\debug\spl\src\stm32f30x_tim.o
LOAD obj\debug\spl\src\stm32f30x_usart.o
LOAD obj\debug\spl\src\stm32f30x_wwdg.o
LOAD obj\debug\src\30010_io.o
LOAD obj\debug\src\ansi.o
LOAD obj\debug\src\ball.o
LOAD obj\debug\src\charset.o
LOAD obj\debug\src\landscape.o
LOAD obj\debug\src\lcd.o
LOAD obj\debug\src\lutsin.o
LOAD obj\debug\src\main.o
LOAD obj\debug\src\mbed.o
LOAD obj\debug\src\menu.o
LOAD obj\debug\src\serialread.o
LOAD obj\debug\src\spaceship.o
LOAD obj\debug\src\startup_stm32f30x.o
LOAD obj\debug\src\system_stm32f30x.o
LOAD obj\debug\src\trigonometric.o
LOAD obj\debug\src\vectors.o
START GROUP
LOAD c:/program files (x86)/embitz/1.11/share/em_armgcc/bin/../lib/gcc/arm-none-eabi/5.4.1/armv7e-m\libgcc.a
LOAD c:/program files (x86)/embitz/1.11/share/em_armgcc/bin/../lib/gcc/arm-none-eabi/5.4.1/../../../../arm-none-eabi/lib/armv7e-m\libg_n.a
LOAD c:/program files (x86)/embitz/1.11/share/em_armgcc/bin/../lib/gcc/arm-none-eabi/5.4.1/../../../../arm-none-eabi/lib/armv7e-m\libc_n.a
END GROUP
START GROUP
LOAD c:/program files (x86)/embitz/1.11/share/em_armgcc/bin/../lib/gcc/arm-none-eabi/5.4.1/armv7e-m\libgcc.a
LOAD c:/program files (x86)/embitz/1.11/share/em_armgcc/bin/../lib/gcc/arm-none-eabi/5.4.1/../../../../arm-none-eabi/lib/armv7e-m\libc_n.a
LOAD c:/program files (x86)/embitz/1.11/share/em_armgcc/bin/../lib/gcc/arm-none-eabi/5.4.1/../../../../arm-none-eabi/lib/armv7e-m\libnosys_s.a
END GROUP
LOAD c:/program files (x86)/embitz/1.11/share/em_armgcc/bin/../lib/gcc/arm-none-eabi/5.4.1/armv7e-m/crtend.o
LOAD c:/program files (x86)/embitz/1.11/share/em_armgcc/bin/../lib/gcc/arm-none-eabi/5.4.1/armv7e-m/crtn.o
OUTPUT(bin\Debug\SpaceProgram.elf elf32-littlearm)

.ARM.attributes
                0x00000000       0x2a
 .ARM.attributes
                0x00000000       0x1e c:/program files (x86)/embitz/1.11/share/em_armgcc/bin/../lib/gcc/arm-none-eabi/5.4.1/armv7e-m/crti.o
 .ARM.attributes
                0x0000001e       0x2e c:/program files (x86)/embitz/1.11/share/em_armgcc/bin/../lib/gcc/arm-none-eabi/5.4.1/armv7e-m/crtbegin.o
 .ARM.attributes
                0x0000004c       0x1c c:/program files (x86)/embitz/1.11/share/em_armgcc/bin/../lib/gcc/arm-none-eabi/5.4.1/../../../../arm-none-eabi/lib/armv7e-m/crt0.o
 .ARM.attributes
                0x00000068       0x33 obj\debug\spl\src\stm32f30x_rcc.o
 .ARM.attributes
                0x0000009b       0x33 obj\debug\spl\src\stm32f30x_usart.o
 .ARM.attributes
                0x000000ce       0x33 obj\debug\src\30010_io.o
 .ARM.attributes
                0x00000101       0x33 obj\debug\src\ansi.o
 .ARM.attributes
                0x00000134       0x33 obj\debug\src\landscape.o
 .ARM.attributes
                0x00000167       0x33 obj\debug\src\main.o
 .ARM.attributes
                0x0000019a       0x33 obj\debug\src\mbed.o
 .ARM.attributes
                0x000001cd       0x33 obj\debug\src\spaceship.o
 .ARM.attributes
                0x00000200       0x1b obj\debug\src\startup_stm32f30x.o
 .ARM.attributes
                0x0000021b       0x33 obj\debug\src\system_stm32f30x.o
 .ARM.attributes
                0x0000024e       0x2e c:/program files (x86)/embitz/1.11/share/em_armgcc/bin/../lib/gcc/arm-none-eabi/5.4.1/../../../../arm-none-eabi/lib/armv7e-m\libg_n.a(lib_a-exit.o)
 .ARM.attributes
                0x0000027c       0x2e c:/program files (x86)/embitz/1.11/share/em_armgcc/bin/../lib/gcc/arm-none-eabi/5.4.1/../../../../arm-none-eabi/lib/armv7e-m\libg_n.a(lib_a-impure.o)
 .ARM.attributes
                0x000002aa       0x2e c:/program files (x86)/embitz/1.11/share/em_armgcc/bin/../lib/gcc/arm-none-eabi/5.4.1/../../../../arm-none-eabi/lib/armv7e-m\libg_n.a(lib_a-init.o)
 .ARM.attributes
                0x000002d8       0x2e c:/program files (x86)/embitz/1.11/share/em_armgcc/bin/../lib/gcc/arm-none-eabi/5.4.1/../../../../arm-none-eabi/lib/armv7e-m\libg_n.a(lib_a-memset.o)
 .ARM.attributes
                0x00000306       0x2e c:/program files (x86)/embitz/1.11/share/em_armgcc/bin/../lib/gcc/arm-none-eabi/5.4.1/../../../../arm-none-eabi/lib/armv7e-m\libg_n.a(lib_a-nano-mallocr.o)
 .ARM.attributes
                0x00000334       0x2e c:/program files (x86)/embitz/1.11/share/em_armgcc/bin/../lib/gcc/arm-none-eabi/5.4.1/../../../../arm-none-eabi/lib/armv7e-m\libg_n.a(lib_a-printf.o)
 .ARM.attributes
                0x00000362       0x2e c:/program files (x86)/embitz/1.11/share/em_armgcc/bin/../lib/gcc/arm-none-eabi/5.4.1/../../../../arm-none-eabi/lib/armv7e-m\libg_n.a(lib_a-putchar.o)
 .ARM.attributes
                0x00000390       0x2e c:/program files (x86)/embitz/1.11/share/em_armgcc/bin/../lib/gcc/arm-none-eabi/5.4.1/../../../../arm-none-eabi/lib/armv7e-m\libg_n.a(lib_a-sbrkr.o)
 .ARM.attributes
                0x000003be       0x2e c:/program files (x86)/embitz/1.11/share/em_armgcc/bin/../lib/gcc/arm-none-eabi/5.4.1/../../../../arm-none-eabi/lib/armv7e-m\libg_n.a(lib_a-setbuf.o)
 .ARM.attributes
                0x000003ec       0x2e c:/program files (x86)/embitz/1.11/share/em_armgcc/bin/../lib/gcc/arm-none-eabi/5.4.1/../../../../arm-none-eabi/lib/armv7e-m\libg_n.a(lib_a-setvbuf.o)
 .ARM.attributes
                0x0000041a       0x2e c:/program files (x86)/embitz/1.11/share/em_armgcc/bin/../lib/gcc/arm-none-eabi/5.4.1/../../../../arm-none-eabi/lib/armv7e-m\libg_n.a(lib_a-wbuf.o)
 .ARM.attributes
                0x00000448       0x2e c:/program files (x86)/embitz/1.11/share/em_armgcc/bin/../lib/gcc/arm-none-eabi/5.4.1/../../../../arm-none-eabi/lib/armv7e-m\libg_n.a(lib_a-wsetup.o)
 .ARM.attributes
                0x00000476       0x2e c:/program files (x86)/embitz/1.11/share/em_armgcc/bin/../lib/gcc/arm-none-eabi/5.4.1/../../../../arm-none-eabi/lib/armv7e-m\libg_n.a(lib_a-fflush.o)
 .ARM.attributes
                0x000004a4       0x2e c:/program files (x86)/embitz/1.11/share/em_armgcc/bin/../lib/gcc/arm-none-eabi/5.4.1/../../../../arm-none-eabi/lib/armv7e-m\libg_n.a(lib_a-findfp.o)
 .ARM.attributes
                0x000004d2       0x2e c:/program files (x86)/embitz/1.11/share/em_armgcc/bin/../lib/gcc/arm-none-eabi/5.4.1/../../../../arm-none-eabi/lib/armv7e-m\libg_n.a(lib_a-fwalk.o)
 .ARM.attributes
                0x00000500       0x2e c:/program files (x86)/embitz/1.11/share/em_armgcc/bin/../lib/gcc/arm-none-eabi/5.4.1/../../../../arm-none-eabi/lib/armv7e-m\libg_n.a(lib_a-makebuf.o)
 .ARM.attributes
                0x0000052e       0x2e c:/program files (x86)/embitz/1.11/share/em_armgcc/bin/../lib/gcc/arm-none-eabi/5.4.1/../../../../arm-none-eabi/lib/armv7e-m\libg_n.a(lib_a-malloc.o)
 .ARM.attributes
                0x0000055c       0x2e c:/program files (x86)/embitz/1.11/share/em_armgcc/bin/../lib/gcc/arm-none-eabi/5.4.1/../../../../arm-none-eabi/lib/armv7e-m\libg_n.a(lib_a-mlock.o)
 .ARM.attributes
                0x0000058a       0x2e c:/program files (x86)/embitz/1.11/share/em_armgcc/bin/../lib/gcc/arm-none-eabi/5.4.1/../../../../arm-none-eabi/lib/armv7e-m\libg_n.a(lib_a-nano-freer.o)
 .ARM.attributes
                0x000005b8       0x2e c:/program files (x86)/embitz/1.11/share/em_armgcc/bin/../lib/gcc/arm-none-eabi/5.4.1/../../../../arm-none-eabi/lib/armv7e-m\libg_n.a(lib_a-nano-vfprintf.o)
 .ARM.attributes
                0x000005e6       0x2e c:/program files (x86)/embitz/1.11/share/em_armgcc/bin/../lib/gcc/arm-none-eabi/5.4.1/../../../../arm-none-eabi/lib/armv7e-m\libg_n.a(lib_a-nano-vfprintf_i.o)
 .ARM.attributes
                0x00000614       0x2e c:/program files (x86)/embitz/1.11/share/em_armgcc/bin/../lib/gcc/arm-none-eabi/5.4.1/../../../../arm-none-eabi/lib/armv7e-m\libg_n.a(lib_a-putc.o)
 .ARM.attributes
                0x00000642       0x2e c:/program files (x86)/embitz/1.11/share/em_armgcc/bin/../lib/gcc/arm-none-eabi/5.4.1/../../../../arm-none-eabi/lib/armv7e-m\libg_n.a(lib_a-reent.o)
 .ARM.attributes
                0x00000670       0x2e c:/program files (x86)/embitz/1.11/share/em_armgcc/bin/../lib/gcc/arm-none-eabi/5.4.1/../../../../arm-none-eabi/lib/armv7e-m\libg_n.a(lib_a-stdio.o)
 .ARM.attributes
                0x0000069e       0x2e c:/program files (x86)/embitz/1.11/share/em_armgcc/bin/../lib/gcc/arm-none-eabi/5.4.1/../../../../arm-none-eabi/lib/armv7e-m\libg_n.a(lib_a-closer.o)
 .ARM.attributes
                0x000006cc       0x2e c:/program files (x86)/embitz/1.11/share/em_armgcc/bin/../lib/gcc/arm-none-eabi/5.4.1/../../../../arm-none-eabi/lib/armv7e-m\libg_n.a(lib_a-fstatr.o)
 .ARM.attributes
                0x000006fa       0x2e c:/program files (x86)/embitz/1.11/share/em_armgcc/bin/../lib/gcc/arm-none-eabi/5.4.1/../../../../arm-none-eabi/lib/armv7e-m\libg_n.a(lib_a-isattyr.o)
 .ARM.attributes
                0x00000728       0x2e c:/program files (x86)/embitz/1.11/share/em_armgcc/bin/../lib/gcc/arm-none-eabi/5.4.1/../../../../arm-none-eabi/lib/armv7e-m\libg_n.a(lib_a-lseekr.o)
 .ARM.attributes
                0x00000756       0x1c c:/program files (x86)/embitz/1.11/share/em_armgcc/bin/../lib/gcc/arm-none-eabi/5.4.1/../../../../arm-none-eabi/lib/armv7e-m\libg_n.a(lib_a-memchr.o)
 .ARM.attributes
                0x00000772       0x2e c:/program files (x86)/embitz/1.11/share/em_armgcc/bin/../lib/gcc/arm-none-eabi/5.4.1/../../../../arm-none-eabi/lib/armv7e-m\libg_n.a(lib_a-readr.o)
 .ARM.attributes
                0x000007a0       0x2e c:/program files (x86)/embitz/1.11/share/em_armgcc/bin/../lib/gcc/arm-none-eabi/5.4.1/../../../../arm-none-eabi/lib/armv7e-m\libnosys_s.a(close.o)
 .ARM.attributes
                0x000007ce       0x2e c:/program files (x86)/embitz/1.11/share/em_armgcc/bin/../lib/gcc/arm-none-eabi/5.4.1/../../../../arm-none-eabi/lib/armv7e-m\libnosys_s.a(fstat.o)
 .ARM.attributes
                0x000007fc       0x2e c:/program files (x86)/embitz/1.11/share/em_armgcc/bin/../lib/gcc/arm-none-eabi/5.4.1/../../../../arm-none-eabi/lib/armv7e-m\libnosys_s.a(isatty.o)
 .ARM.attributes
                0x0000082a       0x2e c:/program files (x86)/embitz/1.11/share/em_armgcc/bin/../lib/gcc/arm-none-eabi/5.4.1/../../../../arm-none-eabi/lib/armv7e-m\libnosys_s.a(lseek.o)
 .ARM.attributes
                0x00000858       0x2e c:/program files (x86)/embitz/1.11/share/em_armgcc/bin/../lib/gcc/arm-none-eabi/5.4.1/../../../../arm-none-eabi/lib/armv7e-m\libnosys_s.a(read.o)
 .ARM.attributes
                0x00000886       0x2e c:/program files (x86)/embitz/1.11/share/em_armgcc/bin/../lib/gcc/arm-none-eabi/5.4.1/../../../../arm-none-eabi/lib/armv7e-m\libnosys_s.a(sbrk.o)
 .ARM.attributes
                0x000008b4       0x2e c:/program files (x86)/embitz/1.11/share/em_armgcc/bin/../lib/gcc/arm-none-eabi/5.4.1/../../../../arm-none-eabi/lib/armv7e-m\libnosys_s.a(_exit.o)
 .ARM.attributes
                0x000008e2       0x2e c:/program files (x86)/embitz/1.11/share/em_armgcc/bin/../lib/gcc/arm-none-eabi/5.4.1/armv7e-m/crtend.o
 .ARM.attributes
                0x00000910       0x1e c:/program files (x86)/embitz/1.11/share/em_armgcc/bin/../lib/gcc/arm-none-eabi/5.4.1/armv7e-m/crtn.o

.comment        0x00000000       0x6e
 .comment       0x00000000       0x6e obj\debug\spl\src\stm32f30x_rcc.o
                                 0x6f (size before relaxing)
 .comment       0x0000006e       0x6f obj\debug\spl\src\stm32f30x_usart.o
 .comment       0x0000006e       0x6f obj\debug\src\30010_io.o
 .comment       0x0000006e       0x6f obj\debug\src\ansi.o
 .comment       0x0000006e       0x6f obj\debug\src\landscape.o
 .comment       0x0000006e       0x6f obj\debug\src\main.o
 .comment       0x0000006e       0x6f obj\debug\src\mbed.o
 .comment       0x0000006e       0x6f obj\debug\src\spaceship.o
 .comment       0x0000006e       0x6f obj\debug\src\system_stm32f30x.o

.debug_info     0x00000000     0x49d9
 .debug_info    0x00000000      0xad4 obj\debug\spl\src\stm32f30x_rcc.o
 .debug_info    0x00000ad4      0xecc obj\debug\spl\src\stm32f30x_usart.o
 .debug_info    0x000019a0     0x12ea obj\debug\src\30010_io.o
 .debug_info    0x00002c8a      0x5d2 obj\debug\src\ansi.o
 .debug_info    0x0000325c      0x138 obj\debug\src\landscape.o
 .debug_info    0x00003394      0x128 obj\debug\src\main.o
 .debug_info    0x000034bc      0xe58 obj\debug\src\mbed.o
 .debug_info    0x00004314      0x1e2 obj\debug\src\spaceship.o
 .debug_info    0x000044f6       0x73 obj\debug\src\startup_stm32f30x.o
 .debug_info    0x00004569      0x470 obj\debug\src\system_stm32f30x.o

.debug_abbrev   0x00000000      0xe1d
 .debug_abbrev  0x00000000      0x1ea obj\debug\spl\src\stm32f30x_rcc.o
 .debug_abbrev  0x000001ea      0x15c obj\debug\spl\src\stm32f30x_usart.o
 .debug_abbrev  0x00000346      0x33a obj\debug\src\30010_io.o
 .debug_abbrev  0x00000680      0x16a obj\debug\src\ansi.o
 .debug_abbrev  0x000007ea       0xc9 obj\debug\src\landscape.o
 .debug_abbrev  0x000008b3       0xab obj\debug\src\main.o
 .debug_abbrev  0x0000095e      0x2c4 obj\debug\src\mbed.o
 .debug_abbrev  0x00000c22       0xcd obj\debug\src\spaceship.o
 .debug_abbrev  0x00000cef       0x14 obj\debug\src\startup_stm32f30x.o
 .debug_abbrev  0x00000d03      0x11a obj\debug\src\system_stm32f30x.o

.debug_aranges  0x00000000      0x5e0
 .debug_aranges
                0x00000000      0x150 obj\debug\spl\src\stm32f30x_rcc.o
 .debug_aranges
                0x00000150      0x1a0 obj\debug\spl\src\stm32f30x_usart.o
 .debug_aranges
                0x000002f0       0x78 obj\debug\src\30010_io.o
 .debug_aranges
                0x00000368       0xe0 obj\debug\src\ansi.o
 .debug_aranges
                0x00000448       0x28 obj\debug\src\landscape.o
 .debug_aranges
                0x00000470       0x20 obj\debug\src\main.o
 .debug_aranges
                0x00000490       0xd0 obj\debug\src\mbed.o
 .debug_aranges
                0x00000560       0x30 obj\debug\src\spaceship.o
 .debug_aranges
                0x00000590       0x20 obj\debug\src\startup_stm32f30x.o
 .debug_aranges
                0x000005b0       0x30 obj\debug\src\system_stm32f30x.o

.debug_ranges   0x00000000      0x530
 .debug_ranges  0x00000000      0x140 obj\debug\spl\src\stm32f30x_rcc.o
 .debug_ranges  0x00000140      0x190 obj\debug\spl\src\stm32f30x_usart.o
 .debug_ranges  0x000002d0       0x68 obj\debug\src\30010_io.o
 .debug_ranges  0x00000338       0xd0 obj\debug\src\ansi.o
 .debug_ranges  0x00000408       0x18 obj\debug\src\landscape.o
 .debug_ranges  0x00000420       0x10 obj\debug\src\main.o
 .debug_ranges  0x00000430       0xc0 obj\debug\src\mbed.o
 .debug_ranges  0x000004f0       0x20 obj\debug\src\spaceship.o
 .debug_ranges  0x00000510       0x20 obj\debug\src\system_stm32f30x.o

.debug_macro    0x00000000     0x2f9c
 .debug_macro   0x00000000      0x238 obj\debug\spl\src\stm32f30x_rcc.o
 .debug_macro   0x00000238      0x5c0 obj\debug\spl\src\stm32f30x_rcc.o
 .debug_macro   0x000007f8      0x1b3 obj\debug\spl\src\stm32f30x_usart.o
 .debug_macro   0x000009ab      0x35e obj\debug\spl\src\stm32f30x_usart.o
 .debug_macro   0x00000d09      0x2de obj\debug\src\30010_io.o
 .debug_macro   0x00000fe7       0x52 obj\debug\src\30010_io.o
 .debug_macro   0x00001039       0x35 obj\debug\src\30010_io.o
 .debug_macro   0x0000106e       0x9c obj\debug\src\30010_io.o
 .debug_macro   0x0000110a       0x16 obj\debug\src\30010_io.o
 .debug_macro   0x00001120       0x97 obj\debug\src\30010_io.o
 .debug_macro   0x000011b7      0x30d obj\debug\src\30010_io.o
 .debug_macro   0x000014c4       0xfd obj\debug\src\30010_io.o
 .debug_macro   0x000015c1       0x10 obj\debug\src\30010_io.o
 .debug_macro   0x000015d1       0x52 obj\debug\src\30010_io.o
 .debug_macro   0x00001623       0x1f obj\debug\src\30010_io.o
 .debug_macro   0x00001642       0x43 obj\debug\src\30010_io.o
 .debug_macro   0x00001685       0x20 obj\debug\src\30010_io.o
 .debug_macro   0x000016a5      0x187 obj\debug\src\30010_io.o
 .debug_macro   0x0000182c       0x10 obj\debug\src\30010_io.o
 .debug_macro   0x0000183c       0x1c obj\debug\src\30010_io.o
 .debug_macro   0x00001858       0x52 obj\debug\src\30010_io.o
 .debug_macro   0x000018aa       0x40 obj\debug\src\30010_io.o
 .debug_macro   0x000018ea       0x10 obj\debug\src\30010_io.o
 .debug_macro   0x000018fa       0x40 obj\debug\src\30010_io.o
 .debug_macro   0x0000193a       0xd7 obj\debug\src\30010_io.o
 .debug_macro   0x00001a11       0x16 obj\debug\src\30010_io.o
 .debug_macro   0x00001a27      0x189 obj\debug\src\30010_io.o
 .debug_macro   0x00001bb0      0x2f5 obj\debug\src\ansi.o
 .debug_macro   0x00001ea5       0x16 obj\debug\src\ansi.o
 .debug_macro   0x00001ebb       0x35 obj\debug\src\ansi.o
 .debug_macro   0x00001ef0      0x380 obj\debug\src\landscape.o
 .debug_macro   0x00002270       0x10 obj\debug\src\landscape.o
 .debug_macro   0x00002280       0x16 obj\debug\src\landscape.o
 .debug_macro   0x00002296       0x83 obj\debug\src\landscape.o
 .debug_macro   0x00002319       0x16 obj\debug\src\landscape.o
 .debug_macro   0x0000232f       0x29 obj\debug\src\landscape.o
 .debug_macro   0x00002358       0x16 obj\debug\src\landscape.o
 .debug_macro   0x0000236e      0x3dd obj\debug\src\main.o
 .debug_macro   0x0000274b      0x347 obj\debug\src\mbed.o
 .debug_macro   0x00002a92      0x373 obj\debug\src\spaceship.o
 .debug_macro   0x00002e05      0x197 obj\debug\src\system_stm32f30x.o

.debug_line     0x00000000     0x4254
 .debug_line    0x00000000      0x7e5 obj\debug\spl\src\stm32f30x_rcc.o
 .debug_line    0x000007e5      0x86c obj\debug\spl\src\stm32f30x_usart.o
 .debug_line    0x00001051      0x733 obj\debug\src\30010_io.o
 .debug_line    0x00001784      0xaec obj\debug\src\ansi.o
 .debug_line    0x00002270      0x61a obj\debug\src\landscape.o
 .debug_line    0x0000288a      0x625 obj\debug\src\main.o
 .debug_line    0x00002eaf      0x830 obj\debug\src\mbed.o
 .debug_line    0x000036df      0x627 obj\debug\src\spaceship.o
 .debug_line    0x00003d06       0xbb obj\debug\src\startup_stm32f30x.o
 .debug_line    0x00003dc1      0x493 obj\debug\src\system_stm32f30x.o

.debug_str      0x00000000    0x57f65
 .debug_str     0x00000000    0x52c0c obj\debug\spl\src\stm32f30x_rcc.o
                              0x52dc8 (size before relaxing)
 .debug_str     0x00052c0c      0x81e obj\debug\spl\src\stm32f30x_usart.o
                              0x52c9c (size before relaxing)
 .debug_str     0x0005342a     0x443e obj\debug\src\30010_io.o
                              0x56a01 (size before relaxing)
 .debug_str     0x00057868      0x160 obj\debug\src\ansi.o
                              0x55f8d (size before relaxing)
 .debug_str     0x000579c8      0x1c8 obj\debug\src\landscape.o
                              0x5602e (size before relaxing)
 .debug_str     0x00057b90       0x3c obj\debug\src\main.o
                              0x5603c (size before relaxing)
 .debug_str     0x00057bcc      0x299 obj\debug\src\mbed.o
                              0x56775 (size before relaxing)
 .debug_str     0x00057e65       0x52 obj\debug\src\spaceship.o
                              0x55fe8 (size before relaxing)
 .debug_str     0x00057eb7       0xae obj\debug\src\system_stm32f30x.o
                              0x52449 (size before relaxing)

.debug_frame    0x00000000     0x20ac
 .debug_frame   0x00000000      0x60c obj\debug\spl\src\stm32f30x_rcc.o
 .debug_frame   0x0000060c      0x7b0 obj\debug\spl\src\stm32f30x_usart.o
 .debug_frame   0x00000dbc      0x1b4 obj\debug\src\30010_io.o
 .debug_frame   0x00000f70      0x37c obj\debug\src\ansi.o
 .debug_frame   0x000012ec       0x5c obj\debug\src\landscape.o
 .debug_frame   0x00001348       0x30 obj\debug\src\main.o
 .debug_frame   0x00001378      0x330 obj\debug\src\mbed.o
 .debug_frame   0x000016a8       0x7c obj\debug\src\spaceship.o
 .debug_frame   0x00001724       0x74 obj\debug\src\system_stm32f30x.o
 .debug_frame   0x00001798       0x28 c:/program files (x86)/embitz/1.11/share/em_armgcc/bin/../lib/gcc/arm-none-eabi/5.4.1/../../../../arm-none-eabi/lib/armv7e-m\libg_n.a(lib_a-exit.o)
 .debug_frame   0x000017c0       0x2c c:/program files (x86)/embitz/1.11/share/em_armgcc/bin/../lib/gcc/arm-none-eabi/5.4.1/../../../../arm-none-eabi/lib/armv7e-m\libg_n.a(lib_a-init.o)
 .debug_frame   0x000017ec       0x20 c:/program files (x86)/embitz/1.11/share/em_armgcc/bin/../lib/gcc/arm-none-eabi/5.4.1/../../../../arm-none-eabi/lib/armv7e-m\libg_n.a(lib_a-memset.o)
 .debug_frame   0x0000180c       0x2c c:/program files (x86)/embitz/1.11/share/em_armgcc/bin/../lib/gcc/arm-none-eabi/5.4.1/../../../../arm-none-eabi/lib/armv7e-m\libg_n.a(lib_a-nano-mallocr.o)
 .debug_frame   0x00001838       0x74 c:/program files (x86)/embitz/1.11/share/em_armgcc/bin/../lib/gcc/arm-none-eabi/5.4.1/../../../../arm-none-eabi/lib/armv7e-m\libg_n.a(lib_a-printf.o)
 .debug_frame   0x000018ac       0x58 c:/program files (x86)/embitz/1.11/share/em_armgcc/bin/../lib/gcc/arm-none-eabi/5.4.1/../../../../arm-none-eabi/lib/armv7e-m\libg_n.a(lib_a-putchar.o)
 .debug_frame   0x00001904       0x2c c:/program files (x86)/embitz/1.11/share/em_armgcc/bin/../lib/gcc/arm-none-eabi/5.4.1/../../../../arm-none-eabi/lib/armv7e-m\libg_n.a(lib_a-sbrkr.o)
 .debug_frame   0x00001930       0x20 c:/program files (x86)/embitz/1.11/share/em_armgcc/bin/../lib/gcc/arm-none-eabi/5.4.1/../../../../arm-none-eabi/lib/armv7e-m\libg_n.a(lib_a-setbuf.o)
 .debug_frame   0x00001950       0x38 c:/program files (x86)/embitz/1.11/share/em_armgcc/bin/../lib/gcc/arm-none-eabi/5.4.1/../../../../arm-none-eabi/lib/armv7e-m\libg_n.a(lib_a-setvbuf.o)
 .debug_frame   0x00001988       0x40 c:/program files (x86)/embitz/1.11/share/em_armgcc/bin/../lib/gcc/arm-none-eabi/5.4.1/../../../../arm-none-eabi/lib/armv7e-m\libg_n.a(lib_a-wbuf.o)
 .debug_frame   0x000019c8       0x2c c:/program files (x86)/embitz/1.11/share/em_armgcc/bin/../lib/gcc/arm-none-eabi/5.4.1/../../../../arm-none-eabi/lib/armv7e-m\libg_n.a(lib_a-wsetup.o)
 .debug_frame   0x000019f4       0x68 c:/program files (x86)/embitz/1.11/share/em_armgcc/bin/../lib/gcc/arm-none-eabi/5.4.1/../../../../arm-none-eabi/lib/armv7e-m\libg_n.a(lib_a-fflush.o)
 .debug_frame   0x00001a5c      0x11c c:/program files (x86)/embitz/1.11/share/em_armgcc/bin/../lib/gcc/arm-none-eabi/5.4.1/../../../../arm-none-eabi/lib/armv7e-m\libg_n.a(lib_a-findfp.o)
 .debug_frame   0x00001b78       0x54 c:/program files (x86)/embitz/1.11/share/em_armgcc/bin/../lib/gcc/arm-none-eabi/5.4.1/../../../../arm-none-eabi/lib/armv7e-m\libg_n.a(lib_a-fwalk.o)
 .debug_frame   0x00001bcc       0x54 c:/program files (x86)/embitz/1.11/share/em_armgcc/bin/../lib/gcc/arm-none-eabi/5.4.1/../../../../arm-none-eabi/lib/armv7e-m\libg_n.a(lib_a-makebuf.o)
 .debug_frame   0x00001c20       0x30 c:/program files (x86)/embitz/1.11/share/em_armgcc/bin/../lib/gcc/arm-none-eabi/5.4.1/../../../../arm-none-eabi/lib/armv7e-m\libg_n.a(lib_a-malloc.o)
 .debug_frame   0x00001c50       0x30 c:/program files (x86)/embitz/1.11/share/em_armgcc/bin/../lib/gcc/arm-none-eabi/5.4.1/../../../../arm-none-eabi/lib/armv7e-m\libg_n.a(lib_a-mlock.o)
 .debug_frame   0x00001c80       0x38 c:/program files (x86)/embitz/1.11/share/em_armgcc/bin/../lib/gcc/arm-none-eabi/5.4.1/../../../../arm-none-eabi/lib/armv7e-m\libg_n.a(lib_a-nano-freer.o)
 .debug_frame   0x00001cb8       0xac c:/program files (x86)/embitz/1.11/share/em_armgcc/bin/../lib/gcc/arm-none-eabi/5.4.1/../../../../arm-none-eabi/lib/armv7e-m\libg_n.a(lib_a-nano-vfprintf.o)
 .debug_frame   0x00001d64       0x60 c:/program files (x86)/embitz/1.11/share/em_armgcc/bin/../lib/gcc/arm-none-eabi/5.4.1/../../../../arm-none-eabi/lib/armv7e-m\libg_n.a(lib_a-nano-vfprintf_i.o)
 .debug_frame   0x00001dc4       0x48 c:/program files (x86)/embitz/1.11/share/em_armgcc/bin/../lib/gcc/arm-none-eabi/5.4.1/../../../../arm-none-eabi/lib/armv7e-m\libg_n.a(lib_a-putc.o)
 .debug_frame   0x00001e0c       0x5c c:/program files (x86)/embitz/1.11/share/em_armgcc/bin/../lib/gcc/arm-none-eabi/5.4.1/../../../../arm-none-eabi/lib/armv7e-m\libg_n.a(lib_a-reent.o)
 .debug_frame   0x00001e68       0x88 c:/program files (x86)/embitz/1.11/share/em_armgcc/bin/../lib/gcc/arm-none-eabi/5.4.1/../../../../arm-none-eabi/lib/armv7e-m\libg_n.a(lib_a-stdio.o)
 .debug_frame   0x00001ef0       0x2c c:/program files (x86)/embitz/1.11/share/em_armgcc/bin/../lib/gcc/arm-none-eabi/5.4.1/../../../../arm-none-eabi/lib/armv7e-m\libg_n.a(lib_a-closer.o)
 .debug_frame   0x00001f1c       0x2c c:/program files (x86)/embitz/1.11/share/em_armgcc/bin/../lib/gcc/arm-none-eabi/5.4.1/../../../../arm-none-eabi/lib/armv7e-m\libg_n.a(lib_a-fstatr.o)
 .debug_frame   0x00001f48       0x2c c:/program files (x86)/embitz/1.11/share/em_armgcc/bin/../lib/gcc/arm-none-eabi/5.4.1/../../../../arm-none-eabi/lib/armv7e-m\libg_n.a(lib_a-isattyr.o)
 .debug_frame   0x00001f74       0x2c c:/program files (x86)/embitz/1.11/share/em_armgcc/bin/../lib/gcc/arm-none-eabi/5.4.1/../../../../arm-none-eabi/lib/armv7e-m\libg_n.a(lib_a-lseekr.o)
 .debug_frame   0x00001fa0       0x2c c:/program files (x86)/embitz/1.11/share/em_armgcc/bin/../lib/gcc/arm-none-eabi/5.4.1/../../../../arm-none-eabi/lib/armv7e-m\libg_n.a(lib_a-readr.o)
 .debug_frame   0x00001fcc       0x20 c:/program files (x86)/embitz/1.11/share/em_armgcc/bin/../lib/gcc/arm-none-eabi/5.4.1/../../../../arm-none-eabi/lib/armv7e-m\libnosys_s.a(close.o)
 .debug_frame   0x00001fec       0x20 c:/program files (x86)/embitz/1.11/share/em_armgcc/bin/../lib/gcc/arm-none-eabi/5.4.1/../../../../arm-none-eabi/lib/armv7e-m\libnosys_s.a(fstat.o)
 .debug_frame   0x0000200c       0x20 c:/program files (x86)/embitz/1.11/share/em_armgcc/bin/../lib/gcc/arm-none-eabi/5.4.1/../../../../arm-none-eabi/lib/armv7e-m\libnosys_s.a(isatty.o)
 .debug_frame   0x0000202c       0x20 c:/program files (x86)/embitz/1.11/share/em_armgcc/bin/../lib/gcc/arm-none-eabi/5.4.1/../../../../arm-none-eabi/lib/armv7e-m\libnosys_s.a(lseek.o)
 .debug_frame   0x0000204c       0x20 c:/program files (x86)/embitz/1.11/share/em_armgcc/bin/../lib/gcc/arm-none-eabi/5.4.1/../../../../arm-none-eabi/lib/armv7e-m\libnosys_s.a(read.o)
 .debug_frame   0x0000206c       0x20 c:/program files (x86)/embitz/1.11/share/em_armgcc/bin/../lib/gcc/arm-none-eabi/5.4.1/../../../../arm-none-eabi/lib/armv7e-m\libnosys_s.a(sbrk.o)
 .debug_frame   0x0000208c       0x20 c:/program files (x86)/embitz/1.11/share/em_armgcc/bin/../lib/gcc/arm-none-eabi/5.4.1/../../../../arm-none-eabi/lib/armv7e-m\libnosys_s.a(_exit.o)

.stab           0x00000000       0x84
 .stab          0x00000000       0x24 c:/program files (x86)/embitz/1.11/share/em_armgcc/bin/../lib/gcc/arm-none-eabi/5.4.1/../../../../arm-none-eabi/lib/armv7e-m\libnosys_s.a(close.o)
 .stab          0x00000024       0x18 c:/program files (x86)/embitz/1.11/share/em_armgcc/bin/../lib/gcc/arm-none-eabi/5.4.1/../../../../arm-none-eabi/lib/armv7e-m\libnosys_s.a(fstat.o)
                                 0x24 (size before relaxing)
 .stab          0x0000003c       0x18 c:/program files (x86)/embitz/1.11/share/em_armgcc/bin/../lib/gcc/arm-none-eabi/5.4.1/../../../../arm-none-eabi/lib/armv7e-m\libnosys_s.a(isatty.o)
                                 0x24 (size before relaxing)
 .stab          0x00000054       0x18 c:/program files (x86)/embitz/1.11/share/em_armgcc/bin/../lib/gcc/arm-none-eabi/5.4.1/../../../../arm-none-eabi/lib/armv7e-m\libnosys_s.a(lseek.o)
                                 0x24 (size before relaxing)
 .stab          0x0000006c       0x18 c:/program files (x86)/embitz/1.11/share/em_armgcc/bin/../lib/gcc/arm-none-eabi/5.4.1/../../../../arm-none-eabi/lib/armv7e-m\libnosys_s.a(read.o)
                                 0x24 (size before relaxing)

.stabstr        0x00000000      0x117
 .stabstr       0x00000000      0x117 c:/program files (x86)/embitz/1.11/share/em_armgcc/bin/../lib/gcc/arm-none-eabi/5.4.1/../../../../arm-none-eabi/lib/armv7e-m\libnosys_s.a(close.o)
